Component: ARM Compiler 5.06 update 6 (build 750) Tool: armlink [4d35ed]

==============================================================================

Section Cross References

    startup_stm32f103x6.o(STACK) refers (Special) to heapauxi.o(.text) for __use_two_region_memory
    startup_stm32f103x6.o(HEAP) refers (Special) to heapauxi.o(.text) for __use_two_region_memory
    startup_stm32f103x6.o(RESET) refers (Special) to heapauxi.o(.text) for __use_two_region_memory
    startup_stm32f103x6.o(RESET) refers to startup_stm32f103x6.o(STACK) for __initial_sp
    startup_stm32f103x6.o(RESET) refers to startup_stm32f103x6.o(.text) for Reset_Handler
    startup_stm32f103x6.o(RESET) refers to stm32f1xx_it.o(i.NMI_Handler) for NMI_Handler
    startup_stm32f103x6.o(RESET) refers to stm32f1xx_it.o(i.HardFault_Handler) for HardFault_Handler
    startup_stm32f103x6.o(RESET) refers to stm32f1xx_it.o(i.MemManage_Handler) for MemManage_Handler
    startup_stm32f103x6.o(RESET) refers to stm32f1xx_it.o(i.BusFault_Handler) for BusFault_Handler
    startup_stm32f103x6.o(RESET) refers to stm32f1xx_it.o(i.UsageFault_Handler) for UsageFault_Handler
    startup_stm32f103x6.o(RESET) refers to stm32f1xx_it.o(i.SVC_Handler) for SVC_Handler
    startup_stm32f103x6.o(RESET) refers to stm32f1xx_it.o(i.DebugMon_Handler) for DebugMon_Handler
    startup_stm32f103x6.o(RESET) refers to stm32f1xx_it.o(i.PendSV_Handler) for PendSV_Handler
    startup_stm32f103x6.o(RESET) refers to stm32f1xx_it.o(i.SysTick_Handler) for SysTick_Handler
    startup_stm32f103x6.o(RESET) refers to stm32f1xx_it.o(i.TIM1_UP_IRQHandler) for TIM1_UP_IRQHandler
    startup_stm32f103x6.o(RESET) refers to stm32f1xx_it.o(i.TIM2_IRQHandler) for TIM2_IRQHandler
    startup_stm32f103x6.o(RESET) refers to stm32f1xx_it.o(i.TIM3_IRQHandler) for TIM3_IRQHandler
    startup_stm32f103x6.o(.text) refers (Special) to heapauxi.o(.text) for __use_two_region_memory
    startup_stm32f103x6.o(.text) refers to system_stm32f1xx.o(i.SystemInit) for SystemInit
    startup_stm32f103x6.o(.text) refers to __main.o(!!!main) for __main
    startup_stm32f103x6.o(.text) refers to startup_stm32f103x6.o(HEAP) for Heap_Mem
    startup_stm32f103x6.o(.text) refers to startup_stm32f103x6.o(STACK) for Stack_Mem
    filter_sma.o(i.Filter_SMA) refers to filter_sma.o(.bss) for .bss
    as5048.o(i.get_angle_raw) refers to stm32f1xx_hal_gpio.o(i.HAL_GPIO_WritePin) for HAL_GPIO_WritePin
    as5048.o(i.get_angle_raw) refers to stm32f1xx_hal_spi.o(i.HAL_SPI_TransmitReceive) for HAL_SPI_TransmitReceive
    as5048.o(i.get_angle_raw) refers to as5048.o(.data) for .data
    as5048.o(i.get_angle_raw) refers to spi.o(.bss) for hspi1
    main.o(i.HAL_TIM_IC_CaptureCallback) refers to stm32f1xx_hal_tim.o(i.HAL_TIM_ReadCapturedValue) for HAL_TIM_ReadCapturedValue
    main.o(i.HAL_TIM_IC_CaptureCallback) refers to main.o(.data) for .data
    main.o(i.HAL_TIM_IC_CaptureCallback) refers to tim.o(.bss) for htim2
    main.o(i.SetLoopsFrequency) refers to main.o(.data) for .data
    main.o(i.SetLoopsFrequency) refers to stm32f1xx_it.o(.data) for pc_loop
    main.o(i.SetUpdateFreq) refers to system_stm32f1xx.o(.data) for SystemCoreClock
    main.o(i.SetUpdateFreq) refers to stm32f1xx_it.o(.data) for count_max
    main.o(i.SetUpdateFreq) refers to main.o(.data) for .data
    main.o(i.SystemClock_Config) refers to rt_memclr_w.o(.text) for __aeabi_memclr4
    main.o(i.SystemClock_Config) refers to stm32f1xx_hal_rcc.o(i.HAL_RCC_OscConfig) for HAL_RCC_OscConfig
    main.o(i.SystemClock_Config) refers to stm32f1xx_hal_rcc.o(i.HAL_RCC_ClockConfig) for HAL_RCC_ClockConfig
    main.o(i.main) refers to _printf_percent.o(.ARM.Collect$$_printf_percent$$00000000) for _printf_percent
    main.o(i.main) refers to _printf_f.o(.ARM.Collect$$_printf_percent$$00000003) for _printf_f
    main.o(i.main) refers to printf1.o(x$fpl$printf1) for _printf_fp_dec
    main.o(i.main) refers to stm32f1xx_hal.o(i.HAL_Init) for HAL_Init
    main.o(i.main) refers to main.o(i.SystemClock_Config) for SystemClock_Config
    main.o(i.main) refers to system_stm32f1xx.o(i.SystemCoreClockUpdate) for SystemCoreClockUpdate
    main.o(i.main) refers to gpio.o(i.MX_GPIO_Init) for MX_GPIO_Init
    main.o(i.main) refers to tim.o(i.MX_TIM1_Init) for MX_TIM1_Init
    main.o(i.main) refers to spi.o(i.MX_SPI1_Init) for MX_SPI1_Init
    main.o(i.main) refers to tim.o(i.MX_TIM3_Init) for MX_TIM3_Init
    main.o(i.main) refers to usart.o(i.MX_USART1_UART_Init) for MX_USART1_UART_Init
    main.o(i.main) refers to usart.o(i.MX_USART2_UART_Init) for MX_USART2_UART_Init
    main.o(i.main) refers to tim.o(i.MX_TIM2_Init) for MX_TIM2_Init
    main.o(i.main) refers to stm32f1xx_hal_tim.o(i.HAL_TIM_IC_Start_IT) for HAL_TIM_IC_Start_IT
    main.o(i.main) refers to stm32f1xx_hal_tim.o(i.HAL_TIM_Base_Start_IT) for HAL_TIM_Base_Start_IT
    main.o(i.main) refers to main.o(i.SetUpdateFreq) for SetUpdateFreq
    main.o(i.main) refers to main.o(i.SetLoopsFrequency) for SetLoopsFrequency
[...]
    ../fplib/dmul.s                          0x00000000   Number         0  dmul.o ABSOLUTE
    ../fplib/dnaninf.s                       0x00000000   Number         0  dnaninf.o ABSOLUTE
    ../fplib/dretinf.s                       0x00000000   Number         0  dretinf.o ABSOLUTE
    ../fplib/f2d.s                           0x00000000   Number         0  f2d.o ABSOLUTE
    ../fplib/faddsub.s                       0x00000000   Number         0  faddsub_clz.o ABSOLUTE
    ../fplib/fdiv.s                          0x00000000   Number         0  fdiv.o ABSOLUTE
    ../fplib/fflt.s                          0x00000000   Number         0  fflt_clz.o ABSOLUTE
    ../fplib/fnaninf.s                       0x00000000   Number         0  fnaninf.o ABSOLUTE
    ../fplib/fpinit.s                        0x00000000   Number         0  fpinit.o ABSOLUTE
    ../fplib/fretinf.s                       0x00000000   Number         0  fretinf.o ABSOLUTE
    ../fplib/istatus.s                       0x00000000   Number         0  istatus.o ABSOLUTE
    ../fplib/printf1.s                       0x00000000   Number         0  printf1.o ABSOLUTE
    ../fplib/usenofp.s                       0x00000000   Number         0  usenofp.o ABSOLUTE
    ../mathlib/fpclassify.c                  0x00000000   Number         0  fpclassify.o ABSOLUTE
    ..\Core\Src\as5048.c                     0x00000000   Number         0  as5048.o ABSOLUTE
    ..\Core\Src\cobs.c                       0x00000000   Number         0  cobs.o ABSOLUTE
    ..\Core\Src\filter_sma.c                 0x00000000   Number         0  filter_sma.o ABSOLUTE
    ..\Core\Src\gpio.c                       0x00000000   Number         0  gpio.o ABSOLUTE
    ..\Core\Src\main.c                       0x00000000   Number         0  main.o ABSOLUTE
    ..\Core\Src\spi.c                        0x00000000   Number         0  spi.o ABSOLUTE
    ..\Core\Src\stm32f1xx_hal_msp.c          0x00000000   Number         0  stm32f1xx_hal_msp.o ABSOLUTE
    ..\Core\Src\stm32f1xx_it.c               0x00000000   Number         0  stm32f1xx_it.o ABSOLUTE
    ..\Core\Src\system_stm32f1xx.c           0x00000000   Number         0  system_stm32f1xx.o ABSOLUTE
    ..\Core\Src\tim.c                        0x00000000   Number         0  tim.o ABSOLUTE
    ..\Core\Src\usart.c                      0x00000000   Number         0  usart.o ABSOLUTE
    ..\Drivers\STM32F1xx_HAL_Driver\Src\stm32f1xx_hal.c 0x00000000   Number         0  stm32f1xx_hal.o ABSOLUTE
    ..\Drivers\STM32F1xx_HAL_Driver\Src\stm32f1xx_hal_cortex.c 0x00000000   Number         0  stm32f1xx_hal_cortex.o ABSOLUTE
    ..\Drivers\STM32F1xx_HAL_Driver\Src\stm32f1xx_hal_dma.c 0x00000000   Number         0  stm32f1xx_hal_dma.o ABSOLUTE
    ..\Drivers\STM32F1xx_HAL_Driver\Src\stm32f1xx_hal_exti.c 0x00000000   Number         0  stm32f1xx_hal_exti.o ABSOLUTE
    ..\Drivers\STM32F1xx_HAL_Driver\Src\stm32f1xx_hal_flash.c 0x00000000   Number         0  stm32f1xx_hal_flash.o ABSOLUTE
    ..\Drivers\STM32F1xx_HAL_Driver\Src\stm32f1xx_hal_flash_ex.c 0x00000000   Number         0  stm32f1xx_hal_flash_ex.o ABSOLUTE
    ..\Drivers\STM32F1xx_HAL_Driver\Src\stm32f1xx_hal_gpio.c 0x00000000   Number         0  stm32f1xx_hal_gpio.o ABSOLUTE
    ..\Drivers\STM32F1xx_HAL_Driver\Src\stm32f1xx_hal_gpio_ex.c 0x00000000   Number         0  stm32f1xx_hal_gpio_ex.o ABSOLUTE
    ..\Drivers\STM32F1xx_HAL_Driver\Src\stm32f1xx_hal_pwr.c 0x00000000   Number         0  stm32f1xx_hal_pwr.o ABSOLUTE
    ..\Drivers\STM32F1xx_HAL_Driver\Src\stm32f1xx_hal_rcc.c 0x00000000   Number         0  stm32f1xx_hal_rcc.o ABSOLUTE
    ..\Drivers\STM32F1xx_HAL_Driver\Src\stm32f1xx_hal_rcc_ex.c 0x00000000   Number         0  stm32f1xx_hal_rcc_ex.o ABSOLUTE
    ..\Drivers\STM32F1xx_HAL_Driver\Src\stm32f1xx_hal_spi.c 0x00000000   Number         0  stm32f1xx_hal_spi.o ABSOLUTE
    ..\Drivers\STM32F1xx_HAL_Driver\Src\stm32f1xx_hal_tim.c 0x00000000   Number         0  stm32f1xx_hal_tim.o ABSOLUTE
    ..\Drivers\STM32F1xx_HAL_Driver\Src\stm32f1xx_hal_tim_ex.c 0x00000000   Number         0  stm32f1xx_hal_tim_ex.o ABSOLUTE
    ..\Drivers\STM32F1xx_HAL_Driver\Src\stm32f1xx_hal_uart.c 0x00000000   Number         0  stm32f1xx_hal_uart.o ABSOLUTE
    ..\\Core\\Src\\as5048.c                  0x00000000   Number         0  as5048.o ABSOLUTE
    ..\\Core\\Src\\filter_sma.c              0x00000000   Number         0  filter_sma.o ABSOLUTE
    dc.s                                     0x00000000   Number         0  dc.o ABSOLUTE
    startup_stm32f103x6.s                    0x00000000   Number         0  startup_stm32f103x6.o ABSOLUTE
    RESET                                    0x08000000   Section      236  startup_stm32f103x6.o(RESET)
    !!!main                                  0x080000ec   Section        8  __main.o(!!!main)
    !!!scatter                               0x080000f4   Section       52  __scatter.o(!!!scatter)
    !!handler_copy                           0x08000128   Section       26  __scatter_copy.o(!!handler_copy)
    !!handler_zi                             0x08000144   Section       28  __scatter_zi.o(!!handler_zi)
    .ARM.Collect$$_printf_percent$$00000000  0x08000160   Section        0  _printf_percent.o(.ARM.Collect$$_printf_percent$$00000000)
    .ARM.Collect$$_printf_percent$$00000003  0x08000160   Section        6  _printf_f.o(.ARM.Collect$$_printf_percent$$00000003)
    .ARM.Collect$$_printf_percent$$00000017  0x08000166   Section        4  _printf_percent_end.o(.ARM.Collect$$_printf_percent$$00000017)
    .ARM.Collect$$libinit$$00000000          0x0800016a   Section        2  libinit.o(.ARM.Collect$$libinit$$00000000)
    .ARM.Collect$$libinit$$00000002          0x0800016c   Section        0  libinit2.o(.ARM.Collect$$libinit$$00000002)
    .ARM.Collect$$libinit$$00000004          0x0800016c   Section        0  libinit2.o(.ARM.Collect$$libinit$$00000004)
    .ARM.Collect$$libinit$$0000000A          0x0800016c   Section        0  libinit2.o(.ARM.Collect$$libinit$$0000000A)
    .ARM.Collect$$libinit$$0000000C          0x0800016c   Section        0  libinit2.o(.ARM.Collect$$libinit$$0000000C)
    .ARM.Collect$$libinit$$0000000E          0x0800016c   Section        0  libinit2.o(.ARM.Collect$$libinit$$0000000E)
    .ARM.Collect$$libinit$$0000000F          0x0800016c   Section        6  libinit2.o(.ARM.Collect$$libinit$$0000000F)
    .ARM.Collect$$libinit$$00000011          0x08000172   Section        0  libinit2.o(.ARM.Collect$$libinit$$00000011)
    .ARM.Collect$$libinit$$00000013          0x08000172   Section        0  libinit2.o(.ARM.Collect$$libinit$$00000013)
    .ARM.Collect$$libinit$$00000015          0x08000172   Section        0  libinit2.o(.ARM.Collect$$libinit$$00000015)
    .ARM.Collect$$libinit$$00000016          0x08000172   Section       10  libinit2.o(.ARM.Collect$$libinit$$00000016)
    .ARM.Collect$$libinit$$00000017          0x0800017c   Section        0  libinit2.o(.ARM.Collect$$libinit$$00000017)
    .ARM.Collect$$libinit$$00000019          0x0800017c   Section        0  libinit2.o(.ARM.Collect$$libinit$$00000019)
    .ARM.Collect$$libinit$$0000001B          0x0800017c   Section        0  libinit2.o(.ARM.Collect$$libinit$$0000001B)
    .ARM.Collect$$libinit$$0000001D          0x0800017c   Section        0  libinit2.o(.ARM.Collect$$libinit$$0000001D)
    .ARM.Collect$$libinit$$0000001F          0x0800017c   Section        0  libinit2.o(.ARM.Collect$$libinit$$0000001F)
    .ARM.Collect$$libinit$$00000021          0x0800017c   Section        0  libinit2.o(.ARM.Collect$$libinit$$00000021)
    .ARM.Collect$$libinit$$00000023          0x0800017c   Section        0  libinit2.o(.ARM.Collect$$libinit$$00000023)
    .ARM.Collect$$libinit$$00000025          0x0800017c   Section        0  libinit2.o(.ARM.Collect$$libinit$$00000025)
    .ARM.Collect$$libinit$$0000002C          0x0800017c   Section        0  libinit2.o(.ARM.Collect$$libinit$$0000002C)
    .ARM.Collect$$libinit$$0000002E          0x0800017c   Section        0  libinit2.o(.ARM.Collect$$libinit$$0000002E)
    .ARM.Collect$$libinit$$00000030          0x0800017c   Section        0  libinit2.o(.ARM.Collect$$libinit$$00000030)
    .ARM.Collect$$libinit$$00000032          0x0800017c   Section        0  libinit2.o(.ARM.Collect$$libinit$$00000032)
    .ARM.Collect$$libinit$$00000033          0x0800017c   Section        2  libinit2.o(.ARM.Collect$$libinit$$00000033)
    .ARM.Collect$$libshutdown$$00000000      0x0800017e   Section        2  libshutdown.o(.ARM.Collect$$libshutdown$$00000000)
    .ARM.Collect$$libshutdown$$00000002      0x08000180   Section        0  libshutdown2.o(.ARM.Collect$$libshutdown$$00000002)
    .ARM.Collect$$libshutdown$$00000004      0x08000180   Section        0  libshutdown2.o(.ARM.Collect$$libshutdown$$00000004)
    .ARM.Collect$$libshutdown$$00000007      0x08000180   Section        0  libshutdown2.o(.ARM.Collect$$libshutdown$$00000007)
    .ARM.Collect$$libshutdown$$0000000A      0x08000180   Section        0  libshutdown2.o(.ARM.Collect$$libshutdown$$0000000A)
    .ARM.Collect$$libshutdown$$0000000C      0x08000180   Section        0  libshutdown2.o(.ARM.Collect$$libshutdown$$0000000C)
    .ARM.Collect$$libshutdown$$0000000F      0x08000180   Section        0  libshutdown2.o(.ARM.Collect$$libshutdown$$0000000F)
    .ARM.Collect$$libshutdown$$00000010      0x08000180   Section        2  libshutdown2.o(.ARM.Collect$$libshutdown$$00000010)
    .ARM.Collect$$rtentry$$00000000          0x08000182   Section        0  __rtentry.o(.ARM.Collect$$rtentry$$00000000)
    .ARM.Collect$$rtentry$$00000002          0x08000182   Section        0  __rtentry2.o(.ARM.Collect$$rtentry$$00000002)
    .ARM.Collect$$rtentry$$00000004          0x08000182   Section        6  __rtentry4.o(.ARM.Collect$$rtentry$$00000004)
    .ARM.Collect$$rtentry$$00000009          0x08000188   Section        0  __rtentry2.o(.ARM.Collect$$rtentry$$00000009)
    .ARM.Collect$$rtentry$$0000000A          0x08000188   Section        4  __rtentry2.o(.ARM.Collect$$rtentry$$0000000A)
    .ARM.Collect$$rtentry$$0000000C          0x0800018c   Section        0  __rtentry2.o(.ARM.Collect$$rtentry$$0000000C)
    .ARM.Collect$$rtentry$$0000000D          0x0800018c   Section        8  __rtentry2.o(.ARM.Collect$$rtentry$$0000000D)
    .ARM.Collect$$rtexit$$00000000           0x08000194   Section        2  rtexit.o(.ARM.Collect$$rtexit$$00000000)
    .ARM.Collect$$rtexit$$00000002           0x08000196   Section        0  rtexit2.o(.ARM.Collect$$rtexit$$00000002)
    .ARM.Collect$$rtexit$$00000003           0x08000196   Section        4  rtexit2.o(.ARM.Collect$$rtexit$$00000003)
    .ARM.Collect$$rtexit$$00000004           0x0800019a   Section        6  rtexit2.o(.ARM.Collect$$rtexit$$00000004)
    .text                                    0x080001a0   Section       64  startup_stm32f103x6.o(.text)
    .text                                    0x080001e0   Section        0  noretval__2sprintf.o(.text)
    .text                                    0x08000208   Section        0  __printf.o(.text)
    .text                                    0x08000270   Section        0  strlen.o(.text)
    .text                                    0x080002ae   Section       78  rt_memclr_w.o(.text)
    .text                                    0x080002fc   Section        0  heapauxi.o(.text)
    .text                                    0x08000302   Section        0  _printf_fp_dec.o(.text)
    _fp_digits                               0x08000305   Thumb Code   432  _printf_fp_dec.o(.text)
    .text                                    0x08000720   Section        0  _printf_char_common.o(.text)
    _printf_input_char                       0x08000721   Thumb Code    10  _printf_char_common.o(.text)
    .text                                    0x08000750   Section        0  _sputc.o(.text)
    .text                                    0x0800075c   Section        8  rt_locale_intlibspace.o(.text)
    .text                                    0x08000764   Section      138  lludiv10.o(.text)
    .text                                    0x080007f0   Section        0  _printf_fp_infnan.o(.text)
    .text                                    0x08000870   Section        0  bigflt0.o(.text)
    .text                                    0x08000954   Section        8  libspace.o(.text)
    .text                                    0x0800095c   Section       74  sys_stackheap_outer.o(.text)
    .text                                    0x080009a6   Section        0  exit.o(.text)
    .text                                    0x080009b8   Section      128  strcmpv7m.o(.text)
    .text                                    0x08000a38   Section        0  sys_exit.o(.text)
    .text                                    0x08000a44   Section        2  use_no_semi.o(.text)
    .text                                    0x08000a46   Section        0  indicate_semi.o(.text)
    CL$$btod_d2e                             0x08000a46   Section       62  btod.o(CL$$btod_d2e)
    CL$$btod_d2e_denorm_low                  0x08000a84   Section       70  btod.o(CL$$btod_d2e_denorm_low)
    CL$$btod_d2e_norm_op1                    0x08000aca   Section       96  btod.o(CL$$btod_d2e_norm_op1)
    CL$$btod_div_common                      0x08000b2a   Section      824  btod.o(CL$$btod_div_common)
    CL$$btod_e2e                             0x08000e62   Section      220  btod.o(CL$$btod_e2e)
    CL$$btod_ediv                            0x08000f3e   Section       42  btod.o(CL$$btod_ediv)
    CL$$btod_emul                            0x08000f68   Section       42  btod.o(CL$$btod_emul)
    CL$$btod_mult_common                     0x08000f92   Section      580  btod.o(CL$$btod_mult_common)
    i.BusFault_Handler                       0x080011d6   Section        0  stm32f1xx_it.o(i.BusFault_Handler)
    i.DebugMon_Handler                       0x080011d8   Section        0  stm32f1xx_it.o(i.DebugMon_Handler)
    i.Error_Handler                          0x080011da   Section        0  main.o(i.Error_Handler)
    i.Filter_SMA                             0x080011e0   Section        0  filter_sma.o(i.Filter_SMA)
    i.HAL_GPIO_Init                          0x0800121c   Section        0  stm32f1xx_hal_gpio.o(i.HAL_GPIO_Init)
    i.HAL_GPIO_ReadPin                       0x080013dc   Section        0  stm32f1xx_hal_gpio.o(i.HAL_GPIO_ReadPin)
    i.HAL_GPIO_TogglePin                     0x080013e6   Section        0  stm32f1xx_hal_gpio.o(i.HAL_GPIO_TogglePin)
    i.HAL_GPIO_WritePin                      0x080013f6   Section        0  stm32f1xx_hal_gpio.o(i.HAL_GPIO_WritePin)
    i.HAL_GetTick                            0x08001400   Section        0  stm32f1xx_hal.o(i.HAL_GetTick)
    i.HAL_IncTick                            0x0800140c   Section        0  stm32f1xx_hal.o(i.HAL_IncTick)
    i.HAL_Init                               0x0800141c   Section        0  stm32f1xx_hal.o(i.HAL_Init)
    i.HAL_InitTick                           0x08001440   Section        0  stm32f1xx_hal.o(i.HAL_InitTick)
    i.HAL_MspInit                            0x08001480   Section        0  stm32f1xx_hal_msp.o(i.HAL_MspInit)
    i.HAL_NVIC_EnableIRQ                     0x080014bc   Section        0  stm32f1xx_hal_cortex.o(i.HAL_NVIC_EnableIRQ)
    i.HAL_NVIC_SetPriority                   0x080014d8   Section        0  stm32f1xx_hal_cortex.o(i.HAL_NVIC_SetPriority)
    i.HAL_NVIC_SetPriorityGrouping           0x08001518   Section        0  stm32f1xx_hal_cortex.o(i.HAL_NVIC_SetPriorityGrouping)
    i.HAL_RCC_ClockConfig                    0x0800153c   Section        0  stm32f1xx_hal_rcc.o(i.HAL_RCC_ClockConfig)
    i.HAL_RCC_GetPCLK1Freq                   0x08001668   Section        0  stm32f1xx_hal_rcc.o(i.HAL_RCC_GetPCLK1Freq)
    i.HAL_RCC_GetPCLK2Freq                   0x08001688   Section        0  stm32f1xx_hal_rcc.o(i.HAL_RCC_GetPCLK2Freq)
    i.HAL_RCC_GetSysClockFreq                0x080016a8   Section        0  stm32f1xx_hal_rcc.o(i.HAL_RCC_GetSysClockFreq)
    i.HAL_RCC_OscConfig                      0x08001714   Section        0  stm32f1xx_hal_rcc.o(i.HAL_RCC_OscConfig)
    i.HAL_SPI_Init                           0x08001a34   Section        0  stm32f1xx_hal_spi.o(i.HAL_SPI_Init)
    i.HAL_SPI_MspInit                        0x08001ae8   Section        0  spi.o(i.HAL_SPI_MspInit)
    i.HAL_SPI_TransmitReceive                0x08001b58   Section        0  stm32f1xx_hal_spi.o(i.HAL_SPI_TransmitReceive)
    i.HAL_SYSTICK_Config                     0x08001d3a   Section        0  stm32f1xx_hal_cortex.o(i.HAL_SYSTICK_Config)
    i.HAL_TIMEx_BreakCallback                0x08001d62   Section        0  stm32f1xx_hal_tim_ex.o(i.HAL_TIMEx_BreakCallback)
    i.HAL_TIMEx_CommutCallback               0x08001d64   Section        0  stm32f1xx_hal_tim_ex.o(i.HAL_TIMEx_CommutCallback)
    i.HAL_TIMEx_MasterConfigSynchronization  0x08001d68   Section        0  stm32f1xx_hal_tim_ex.o(i.HAL_TIMEx_MasterConfigSynchronization)
    i.HAL_TIM_Base_Init                      0x08001dc8   Section        0  stm32f1xx_hal_tim.o(i.HAL_TIM_Base_Init)
    i.HAL_TIM_Base_MspInit                   0x08001e24   Section        0  tim.o(i.HAL_TIM_Base_MspInit)
    i.HAL_TIM_Base_Start_IT                  0x08001ed8   Section        0  stm32f1xx_hal_tim.o(i.HAL_TIM_Base_Start_IT)
    i.HAL_TIM_ConfigClockSource              0x08001f28   Section        0  stm32f1xx_hal_tim.o(i.HAL_TIM_ConfigClockSource)
    i.HAL_TIM_IC_CaptureCallback             0x08002000   Section        0  main.o(i.HAL_TIM_IC_CaptureCallback)
    i.HAL_TIM_IC_ConfigChannel               0x08002060   Section        0  stm32f1xx_hal_tim.o(i.HAL_TIM_IC_ConfigChannel)
    i.HAL_TIM_IC_Init                        0x0800216e   Section        0  stm32f1xx_hal_tim.o(i.HAL_TIM_IC_Init)
    i.HAL_TIM_IC_MspInit                     0x080021c8   Section        0  stm32f1xx_hal_tim.o(i.HAL_TIM_IC_MspInit)
    i.HAL_TIM_IC_Start_IT                    0x080021cc   Section        0  stm32f1xx_hal_tim.o(i.HAL_TIM_IC_Start_IT)
    i.HAL_TIM_IRQHandler                     0x080022a4   Section        0  stm32f1xx_hal_tim.o(i.HAL_TIM_IRQHandler)
    i.HAL_TIM_OC_DelayElapsedCallback        0x0800240a   Section        0  stm32f1xx_hal_tim.o(i.HAL_TIM_OC_DelayElapsedCallback)
    i.HAL_TIM_PWM_PulseFinishedCallback      0x0800240c   Section        0  stm32f1xx_hal_tim.o(i.HAL_TIM_PWM_PulseFinishedCallback)
    i.HAL_TIM_PeriodElapsedCallback          0x0800240e   Section        0  stm32f1xx_hal_tim.o(i.HAL_TIM_PeriodElapsedCallback)
    i.HAL_TIM_ReadCapturedValue              0x08002410   Section        0  stm32f1xx_hal_tim.o(i.HAL_TIM_ReadCapturedValue)
    i.HAL_TIM_TriggerCallback                0x0800243a   Section        0  stm32f1xx_hal_tim.o(i.HAL_TIM_TriggerCallback)
    i.HAL_UART_Init                          0x0800243c   Section        0  stm32f1xx_hal_uart.o(i.HAL_UART_Init)
    i.HAL_UART_MspInit                       0x080024a0   Section        0  usart.o(i.HAL_UART_MspInit)
    i.HAL_UART_Transmit                      0x0800254c   Section        0  stm32f1xx_hal_uart.o(i.HAL_UART_Transmit)
    i.HardFault_Handler                      0x080025fe   Section        0  stm32f1xx_it.o(i.HardFault_Handler)
    i.MX_GPIO_Init                           0x08002600   Section        0  gpio.o(i.MX_GPIO_Init)
    i.MX_SPI1_Init                           0x08002694   Section        0  spi.o(i.MX_SPI1_Init)
    i.MX_TIM1_Init                           0x080026e0   Section        0  tim.o(i.MX_TIM1_Init)
    i.MX_TIM2_Init                           0x08002748   Section        0  tim.o(i.MX_TIM2_Init)
    i.MX_TIM3_Init                           0x080027f0   Section        0  tim.o(i.MX_TIM3_Init)
    i.MX_USART1_UART_Init                    0x08002858   Section        0  usart.o(i.MX_USART1_UART_Init)
    i.MX_USART2_UART_Init                    0x08002890   Section        0  usart.o(i.MX_USART2_UART_Init)
    i.MemManage_Handler                      0x080028c8   Section        0  stm32f1xx_it.o(i.MemManage_Handler)
    i.NMI_Handler                            0x080028ca   Section        0  stm32f1xx_it.o(i.NMI_Handler)
    i.PendSV_Handler                         0x080028cc   Section        0  stm32f1xx_it.o(i.PendSV_Handler)
    i.SPI_EndRxTxTransaction                 0x080028ce   Section        0  stm32f1xx_hal_spi.o(i.SPI_EndRxTxTransaction)
    SPI_EndRxTxTransaction                   0x080028cf   Thumb Code    32  stm32f1xx_hal_spi.o(i.SPI_EndRxTxTransaction)
    i.SPI_WaitFlagStateUntilTimeout          0x080028f0   Section        0  stm32f1xx_hal_spi.o(i.SPI_WaitFlagStateUntilTimeout)
    SPI_WaitFlagStateUntilTimeout            0x080028f1   Thumb Code   180  stm32f1xx_hal_spi.o(i.SPI_WaitFlagStateUntilTimeout)
    i.SVC_Handler                            0x080029a8   Section        0  stm32f1xx_it.o(i.SVC_Handler)
    i.SetLoopsFrequency                      0x080029ac   Section        0  main.o(i.SetLoopsFrequency)
    i.SetUpdateFreq                          0x080029ec   Section        0  main.o(i.SetUpdateFreq)
    i.SysTick_Handler                        0x08002a2c   Section        0  stm32f1xx_it.o(i.SysTick_Handler)
    i.SystemClock_Config                     0x08002a98   Section        0  main.o(i.SystemClock_Config)
    i.SystemCoreClockUpdate                  0x08002af8   Section        0  system_stm32f1xx.o(i.SystemCoreClockUpdate)
    i.SystemInit                             0x08002b60   Section        0  system_stm32f1xx.o(i.SystemInit)
    i.TIM1_UP_IRQHandler                     0x08002b64   Section        0  stm32f1xx_it.o(i.TIM1_UP_IRQHandler)
    i.TIM2_IRQHandler                        0x08002b70   Section        0  stm32f1xx_it.o(i.TIM2_IRQHandler)
    i.TIM3_IRQHandler                        0x08002b7c   Section        0  stm32f1xx_it.o(i.TIM3_IRQHandler)
    i.TIM_Base_SetConfig                     0x08002c20   Section        0  stm32f1xx_hal_tim.o(i.TIM_Base_SetConfig)
    i.TIM_CCxChannelCmd                      0x08002c7c   Section        0  stm32f1xx_hal_tim.o(i.TIM_CCxChannelCmd)
    i.TIM_ETR_SetConfig                      0x08002c96   Section        0  stm32f1xx_hal_tim.o(i.TIM_ETR_SetConfig)
    i.TIM_ITRx_SetConfig                     0x08002caa   Section        0  stm32f1xx_hal_tim.o(i.TIM_ITRx_SetConfig)
    TIM_ITRx_SetConfig                       0x08002cab   Thumb Code    16  stm32f1xx_hal_tim.o(i.TIM_ITRx_SetConfig)
    i.TIM_TI1_ConfigInputStage               0x08002cba   Section        0  stm32f1xx_hal_tim.o(i.TIM_TI1_ConfigInputStage)
    TIM_TI1_ConfigInputStage                 0x08002cbb   Thumb Code    34  stm32f1xx_hal_tim.o(i.TIM_TI1_ConfigInputStage)
    i.TIM_TI1_SetConfig                      0x08002cdc   Section        0  stm32f1xx_hal_tim.o(i.TIM_TI1_SetConfig)
    i.TIM_TI2_ConfigInputStage               0x08002d2c   Section        0  stm32f1xx_hal_tim.o(i.TIM_TI2_ConfigInputStage)
    TIM_TI2_ConfigInputStage                 0x08002d2d   Thumb Code    36  stm32f1xx_hal_tim.o(i.TIM_TI2_ConfigInputStage)
    i.TIM_TI2_SetConfig                      0x08002d50   Section        0  stm32f1xx_hal_tim.o(i.TIM_TI2_SetConfig)
    TIM_TI2_SetConfig                        0x08002d51   Thumb Code    54  stm32f1xx_hal_tim.o(i.TIM_TI2_SetConfig)
    i.UART_SetConfig                         0x08002d88   Section        0  stm32f1xx_hal_uart.o(i.UART_SetConfig)
    UART_SetConfig                           0x08002d89   Thumb Code   178  stm32f1xx_hal_uart.o(i.UART_SetConfig)
    i.UART_WaitOnFlagUntilTimeout            0x08002e40   Section        0  stm32f1xx_hal_uart.o(i.UART_WaitOnFlagUntilTimeout)
    UART_WaitOnFlagUntilTimeout              0x08002e41   Thumb Code   100  stm32f1xx_hal_uart.o(i.UART_WaitOnFlagUntilTimeout)
    i.UsageFault_Handler                     0x08002ea4   Section        0  stm32f1xx_it.o(i.UsageFault_Handler)
    i.__ARM_fpclassify                       0x08002ea6   Section        0  fpclassify.o(i.__ARM_fpclassify)
    i.__NVIC_SetPriority                     0x08002ece   Section        0  stm32f1xx_hal_cortex.o(i.__NVIC_SetPriority)
    __NVIC_SetPriority                       0x08002ecf   Thumb Code    32  stm32f1xx_hal_cortex.o(i.__NVIC_SetPriority)
    i.cobs_encode                            0x08002eee   Section        0  cobs.o(i.cobs_encode)
    i.get_angle_raw                          0x08002f2c   Section        0  as5048.o(i.get_angle_raw)
    i.main                                   0x08002fb0   Section        0  main.o(i.main)
    locale$$code                             0x080031c0   Section       44  lc_numeric_c.o(locale$$code)
    x$fpl$d2f                                0x080031ec   Section       98  d2f.o(x$fpl$d2f)
    x$fpl$dadd                               0x08003250   Section      336  daddsub_clz.o(x$fpl$dadd)
    _dadd1                                   0x08003261   Thumb Code     0  daddsub_clz.o(x$fpl$dadd)
    x$fpl$ddiv                               0x080033a0   Section      688  ddiv.o(x$fpl$ddiv)
    ddiv_entry                               0x080033a7   Thumb Code     0  ddiv.o(x$fpl$ddiv)
    x$fpl$dfixu                              0x08003650   Section       90  dfixu.o(x$fpl$dfixu)
    x$fpl$dfltu                              0x080036aa   Section       38  dflt_clz.o(x$fpl$dfltu)
    x$fpl$dmul                               0x080036d0   Section      340  dmul.o(x$fpl$dmul)
    x$fpl$dnaninf                            0x08003824   Section      156  dnaninf.o(x$fpl$dnaninf)
    x$fpl$dretinf                            0x080038c0   Section       12  dretinf.o(x$fpl$dretinf)
    x$fpl$drsb                               0x080038cc   Section       22  daddsub_clz.o(x$fpl$drsb)
    x$fpl$dsub                               0x080038e4   Section      468  daddsub_clz.o(x$fpl$dsub)
    _dsub1                                   0x080038f5   Thumb Code     0  daddsub_clz.o(x$fpl$dsub)
    x$fpl$f2d                                0x08003ab8   Section       86  f2d.o(x$fpl$f2d)
    x$fpl$fadd                               0x08003b10   Section      196  faddsub_clz.o(x$fpl$fadd)
    _fadd1                                   0x08003b1f   Thumb Code     0  faddsub_clz.o(x$fpl$fadd)
    x$fpl$fdiv                               0x08003bd4   Section      388  fdiv.o(x$fpl$fdiv)
    _fdiv1                                   0x08003bd5   Thumb Code     0  fdiv.o(x$fpl$fdiv)
    x$fpl$ffltu                              0x08003d58   Section       38  fflt_clz.o(x$fpl$ffltu)
    x$fpl$fnaninf                            0x08003d7e   Section      140  fnaninf.o(x$fpl$fnaninf)
    x$fpl$fretinf                            0x08003e0a   Section       10  fretinf.o(x$fpl$fretinf)
    x$fpl$fsub                               0x08003e14   Section      234  faddsub_clz.o(x$fpl$fsub)
    _fsub1                                   0x08003e23   Thumb Code     0  faddsub_clz.o(x$fpl$fsub)
    x$fpl$printf1                            0x08003efe   Section        4  printf1.o(x$fpl$printf1)
    .constdata                               0x08003f02   Section       16  system_stm32f1xx.o(.constdata)
    x$fpl$usenofp                            0x08003f02   Section        0  usenofp.o(x$fpl$usenofp)
    .constdata                               0x08003f12   Section        8  system_stm32f1xx.o(.constdata)
    .constdata                               0x08003f1c   Section      148  bigflt0.o(.constdata)
    tenpwrs_x                                0x08003f1c   Data          60  bigflt0.o(.constdata)
    tenpwrs_i                                0x08003f58   Data          64  bigflt0.o(.constdata)
    locale$$data                             0x08003fd0   Section       28  lc_numeric_c.o(locale$$data)
    __lcnum_c_name                           0x08003fd4   Data           2  lc_numeric_c.o(locale$$data)
    __lcnum_c_start                          0x08003fdc   Data           0  lc_numeric_c.o(locale$$data)
    __lcnum_c_point                          0x08003fe8   Data           0  lc_numeric_c.o(locale$$data)
    __lcnum_c_thousands                      0x08003fea   Data           0  lc_numeric_c.o(locale$$data)
    __lcnum_c_grouping                       0x08003feb   Data           0  lc_numeric_c.o(locale$$data)
    __lcnum_c_end                            0x08003fec   Data           0  lc_numeric_c.o(locale$$data)
    .data                                    0x20000000   Section        4  as5048.o(.data)
    pr                                       0x20000000   Data           1  as5048.o(.data)
    .data                                    0x20000004   Section       56  main.o(.data)
    .data                                    0x2000003c   Section        4  main.o(.data)
    .data                                    0x20000040   Section       20  stm32f1xx_it.o(.data)
    .data                                    0x20000054   Section       12  stm32f1xx_hal.o(.data)
    .data                                    0x20000060   Section        4  system_stm32f1xx.o(.data)
    .bss                                     0x20000064   Section       24  filter_sma.o(.bss)
    .bss                                     0x2000007c   Section       50  main.o(.bss)
    .bss                                     0x200000b0   Section       88  spi.o(.bss)
    .bss                                     0x20000108   Section      216  tim.o(.bss)
    .bss                                     0x200001e0   Section      136  usart.o(.bss)
    .bss                                     0x20000268   Section       96  libspace.o(.bss)
    HEAP                                     0x200002c8   Section      512  startup_stm32f103x6.o(HEAP)
    Heap_Mem                                 0x200002c8   Data         512  startup_stm32f103x6.o(HEAP)
    STACK                                    0x200004c8   Section     1024  startup_stm32f103x6.o(STACK)
    Stack_Mem                                0x200004c8   Data        1024  startup_stm32f103x6.o(STACK)
    __initial_sp                             0x200008c8   Data           0  startup_stm32f103x6.o(STACK)

    Global Symbols

    Symbol Name                              Value     Ov Type        Size  Object(Section)

    BuildAttributes$$THM_ISAv4$P$D$K$B$S$PE$A:L22UL41UL21$X:L11$S22US41US21$IEEE1$IW$USESV6$~STKCKD$USESV7$~SHL$OTIME$ROPI$IEEEJ$EBA8$UX$STANDARDLIB$REQ8$PRES8$EABIv2 0x00000000   Number         0  anon$$obj.o ABSOLUTE
    __ARM_use_no_argv                        0x00000000   Number         0  main.o ABSOLUTE
    __ARM_exceptions_init                     - Undefined Weak Reference
    __alloca_initialize                       - Undefined Weak Reference
    __arm_preinit_                            - Undefined Weak Reference
    __cpp_initialize__aeabi_                  - Undefined Weak Reference
    __cxa_finalize                            - Undefined Weak Reference
    __sigvec_lookup                           - Undefined Weak Reference
    _atexit_init                              - Undefined Weak Reference
    _call_atexit_fns                          - Undefined Weak Reference
    _clock_init                               - Undefined Weak Reference
    _fp_trap_init                             - Undefined Weak Reference
    _fp_trap_shutdown                         - Undefined Weak Reference
    _get_lc_collate                           - Undefined Weak Reference
    _get_lc_ctype                             - Undefined Weak Reference
    _get_lc_monetary                          - Undefined Weak Reference
    _get_lc_time                              - Undefined Weak Reference
    _getenv_init                              - Undefined Weak Reference
    _handle_redirection                       - Undefined Weak Reference
    _init_alloc                               - Undefined Weak Reference
    _init_user_alloc                          - Undefined Weak Reference
    _initio                                   - Undefined Weak Reference
    _printf_post_padding                      - Undefined Weak Reference
    _printf_pre_padding                       - Undefined Weak Reference
    _rand_init                                - Undefined Weak Reference
    _signal_finish                            - Undefined Weak Reference
    _signal_init                              - Undefined Weak Reference
    _terminate_alloc                          - Undefined Weak Reference
    _terminate_user_alloc                     - Undefined Weak Reference
    _terminateio                              - Undefined Weak Reference
    __Vectors_Size                           0x000000ec   Number         0  startup_stm32f103x6.o ABSOLUTE
    __Vectors                                0x08000000   Data           4  startup_stm32f103x6.o(RESET)
    __Vectors_End                            0x080000ec   Data           0  startup_stm32f103x6.o(RESET)
    __main                                   0x080000ed   Thumb Code     8  __main.o(!!!main)
    __scatterload                            0x080000f5   Thumb Code     0  __scatter.o(!!!scatter)
    __scatterload_rt2                        0x080000f5   Thumb Code    44  __scatter.o(!!!scatter)
    __scatterload_rt2_thumb_only             0x080000f5   Thumb Code     0  __scatter.o(!!!scatter)
    __scatterload_null                       0x08000103   Thumb Code     0  __scatter.o(!!!scatter)
    __scatterload_copy                       0x08000129   Thumb Code    26  __scatter_copy.o(!!handler_copy)
    __scatterload_zeroinit                   0x08000145   Thumb Code    28  __scatter_zi.o(!!handler_zi)
    _printf_f                                0x08000161   Thumb Code     0  _printf_f.o(.ARM.Collect$$_printf_percent$$00000003)
    _printf_percent                          0x08000161   Thumb Code     0  _printf_percent.o(.ARM.Collect$$_printf_percent$$00000000)
    _printf_percent_end                      0x08000167   Thumb Code     0  _printf_percent_end.o(.ARM.Collect$$_printf_percent$$00000017)
    __rt_lib_init                            0x0800016b   Thumb Code     0  libinit.o(.ARM.Collect$$libinit$$00000000)
    __rt_lib_init_fp_1                       0x0800016d   Thumb Code     0  libinit2.o(.ARM.Collect$$libinit$$00000002)
    __rt_lib_init_heap_1                     0x0800016d   Thumb Code     0  libinit2.o(.ARM.Collect$$libinit$$0000000A)
    __rt_lib_init_lc_common                  0x0800016d   Thumb Code     0  libinit2.o(.ARM.Collect$$libinit$$0000000F)
    __rt_lib_init_preinit_1                  0x0800016d   Thumb Code     0  libinit2.o(.ARM.Collect$$libinit$$00000004)
    __rt_lib_init_rand_1                     0x0800016d   Thumb Code     0  libinit2.o(.ARM.Collect$$libinit$$0000000E)
    __rt_lib_init_user_alloc_1               0x0800016d   Thumb Code     0  libinit2.o(.ARM.Collect$$libinit$$0000000C)
    __rt_lib_init_lc_collate_1               0x08000173   Thumb Code     0  libinit2.o(.ARM.Collect$$libinit$$00000011)
    __rt_lib_init_lc_ctype_1                 0x08000173   Thumb Code     0  libinit2.o(.ARM.Collect$$libinit$$00000013)
    __rt_lib_init_lc_monetary_1              0x08000173   Thumb Code     0  libinit2.o(.ARM.Collect$$libinit$$00000015)
    __rt_lib_init_lc_numeric_2               0x08000173   Thumb Code     0  libinit2.o(.ARM.Collect$$libinit$$00000016)
    __rt_lib_init_alloca_1                   0x0800017d   Thumb Code     0  libinit2.o(.ARM.Collect$$libinit$$0000002E)
    __rt_lib_init_argv_1                     0x0800017d   Thumb Code     0  libinit2.o(.ARM.Collect$$libinit$$0000002C)
    __rt_lib_init_atexit_1                   0x0800017d   Thumb Code     0  libinit2.o(.ARM.Collect$$libinit$$0000001B)
    __rt_lib_init_clock_1                    0x0800017d   Thumb Code     0  libinit2.o(.ARM.Collect$$libinit$$00000021)
    __rt_lib_init_cpp_1                      0x0800017d   Thumb Code     0  libinit2.o(.ARM.Collect$$libinit$$00000032)
    __rt_lib_init_exceptions_1               0x0800017d   Thumb Code     0  libinit2.o(.ARM.Collect$$libinit$$00000030)
    __rt_lib_init_fp_trap_1                  0x0800017d   Thumb Code     0  libinit2.o(.ARM.Collect$$libinit$$0000001F)
    __rt_lib_init_getenv_1                   0x0800017d   Thumb Code     0  libinit2.o(.ARM.Collect$$libinit$$00000023)
    __rt_lib_init_lc_numeric_1               0x0800017d   Thumb Code     0  libinit2.o(.ARM.Collect$$libinit$$00000017)
    __rt_lib_init_lc_time_1                  0x0800017d   Thumb Code     0  libinit2.o(.ARM.Collect$$libinit$$00000019)
    __rt_lib_init_return                     0x0800017d   Thumb Code     0  libinit2.o(.ARM.Collect$$libinit$$00000033)
    __rt_lib_init_signal_1                   0x0800017d   Thumb Code     0  libinit2.o(.ARM.Collect$$libinit$$0000001D)
    __rt_lib_init_stdio_1                    0x0800017d   Thumb Code     0  libinit2.o(.ARM.Collect$$libinit$$00000025)
    __rt_lib_shutdown                        0x0800017f   Thumb Code     0  libshutdown.o(.ARM.Collect$$libshutdown$$00000000)
    __rt_lib_shutdown_cpp_1                  0x08000181   Thumb Code     0  libshutdown2.o(.ARM.Collect$$libshutdown$$00000002)
    __rt_lib_shutdown_fp_trap_1              0x08000181   Thumb Code     0  libshutdown2.o(.ARM.Collect$$libshutdown$$00000007)
    __rt_lib_shutdown_heap_1                 0x08000181   Thumb Code     0  libshutdown2.o(.ARM.Collect$$libshutdown$$0000000F)
    __rt_lib_shutdown_return                 0x08000181   Thumb Code     0  libshutdown2.o(.ARM.Collect$$libshutdown$$00000010)
    __rt_lib_shutdown_signal_1               0x08000181   Thumb Code     0  libshutdown2.o(.ARM.Collect$$libshutdown$$0000000A)
    __rt_lib_shutdown_stdio_1                0x08000181   Thumb Code     0  libshutdown2.o(.ARM.Collect$$libshutdown$$00000004)
    __rt_lib_shutdown_user_alloc_1           0x08000181   Thumb Code     0  libshutdown2.o(.ARM.Collect$$libshutdown$$0000000C)
    __rt_entry                               0x08000183   Thumb Code     0  __rtentry.o(.ARM.Collect$$rtentry$$00000000)
    __rt_entry_presh_1                       0x08000183   Thumb Code     0  __rtentry2.o(.ARM.Collect$$rtentry$$00000002)
    __rt_entry_sh                            0x08000183   Thumb Code     0  __rtentry4.o(.ARM.Collect$$rtentry$$00000004)
    __rt_entry_li                            0x08000189   Thumb Code     0  __rtentry2.o(.ARM.Collect$$rtentry$$0000000A)
    __rt_entry_postsh_1                      0x08000189   Thumb Code     0  __rtentry2.o(.ARM.Collect$$rtentry$$00000009)
    __rt_entry_main                          0x0800018d   Thumb Code     0  __rtentry2.o(.ARM.Collect$$rtentry$$0000000D)
    __rt_entry_postli_1                      0x0800018d   Thumb Code     0  __rtentry2.o(.ARM.Collect$$rtentry$$0000000C)
    __rt_exit                                0x08000195   Thumb Code     0  rtexit.o(.ARM.Collect$$rtexit$$00000000)
    __rt_exit_ls                             0x08000197   Thumb Code     0  rtexit2.o(.ARM.Collect$$rtexit$$00000003)
    __rt_exit_prels_1                        0x08000197   Thumb Code     0  rtexit2.o(.ARM.Collect$$rtexit$$00000002)
    __rt_exit_exit                           0x0800019b   Thumb Code     0  rtexit2.o(.ARM.Collect$$rtexit$$00000004)
    Reset_Handler                            0x080001a1   Thumb Code     8  startup_stm32f103x6.o(.text)
    ADC1_2_IRQHandler                        0x080001bb   Thumb Code     0  startup_stm32f103x6.o(.text)
    CAN1_RX1_IRQHandler                      0x080001bb   Thumb Code     0  startup_stm32f103x6.o(.text)
    CAN1_SCE_IRQHandler                      0x080001bb   Thumb Code     0  startup_stm32f103x6.o(.text)
    DMA1_Channel1_IRQHandler                 0x080001bb   Thumb Code     0  startup_stm32f103x6.o(.text)
    DMA1_Channel2_IRQHandler                 0x080001bb   Thumb Code     0  startup_stm32f103x6.o(.text)
    DMA1_Channel3_IRQHandler                 0x080001bb   Thumb Code     0  startup_stm32f103x6.o(.text)
    DMA1_Channel4_IRQHandler                 0x080001bb   Thumb Code     0  startup_stm32f103x6.o(.text)
    DMA1_Channel5_IRQHandler                 0x080001bb   Thumb Code     0  startup_stm32f103x6.o(.text)
    DMA1_Channel6_IRQHandler                 0x080001bb   Thumb Code     0  startup_stm32f103x6.o(.text)
    DMA1_Channel7_IRQHandler                 0x080001bb   Thumb Code     0  startup_stm32f103x6.o(.text)
    EXTI0_IRQHandler                         0x080001bb   Thumb Code     0  startup_stm32f103x6.o(.text)
    EXTI15_10_IRQHandler                     0x080001bb   Thumb Code     0  startup_stm32f103x6.o(.text)
    EXTI1_IRQHandler                         0x080001bb   Thumb Code     0  startup_stm32f103x6.o(.text)
    EXTI2_IRQHandler                         0x080001bb   Thumb Code     0  startup_stm32f103x6.o(.text)
    EXTI3_IRQHandler                         0x080001bb   Thumb Code     0  startup_stm32f103x6.o(.text)
    EXTI4_IRQHandler                         0x080001bb   Thumb Code     0  startup_stm32f103x6.o(.text)
    EXTI9_5_IRQHandler                       0x080001bb   Thumb Code     0  startup_stm32f103x6.o(.text)
    FLASH_IRQHandler                         0x080001bb   Thumb Code     0  startup_stm32f103x6.o(.text)
    I2C1_ER_IRQHandler                       0x080001bb   Thumb Code     0  startup_stm32f103x6.o(.text)
    I2C1_EV_IRQHandler                       0x080001bb   Thumb Code     0  startup_stm32f103x6.o(.text)
    PVD_IRQHandler                           0x080001bb   Thumb Code     0  startup_stm32f103x6.o(.text)
    RCC_IRQHandler                           0x080001bb   Thumb Code     0  startup_stm32f103x6.o(.text)
    RTC_Alarm_IRQHandler                     0x080001bb   Thumb Code     0  startup_stm32f103x6.o(.text)
    RTC_IRQHandler                           0x080001bb   Thumb Code     0  startup_stm32f103x6.o(.text)
    SPI1_IRQHandler                          0x080001bb   Thumb Code     0  startup_stm32f103x6.o(.text)
    TAMPER_IRQHandler                        0x080001bb   Thumb Code     0  startup_stm32f103x6.o(.text)
    TIM1_BRK_IRQHandler                      0x080001bb   Thumb Code     0  startup_stm32f103x6.o(.text)
    TIM1_CC_IRQHandler                       0x080001bb   Thumb Code     0  startup_stm32f103x6.o(.text)
    TIM1_TRG_COM_IRQHandler                  0x080001bb   Thumb Code     0  startup_stm32f103x6.o(.text)
    USART1_IRQHandler                        0x080001bb   Thumb Code     0  startup_stm32f103x6.o(.text)
    USART2_IRQHandler                        0x080001bb   Thumb Code     0  startup_stm32f103x6.o(.text)
    USBWakeUp_IRQHandler                     0x080001bb   Thumb Code     0  startup_stm32f103x6.o(.text)
    USB_HP_CAN1_TX_IRQHandler                0x080001bb   Thumb Code     0  startup_stm32f103x6.o(.text)
    USB_LP_CAN1_RX0_IRQHandler               0x080001bb   Thumb Code     0  startup_stm32f103x6.o(.text)
    WWDG_IRQHandler                          0x080001bb   Thumb Code     0  startup_stm32f103x6.o(.text)
    __user_initial_stackheap                 0x080001bd   Thumb Code     0  startup_stm32f103x6.o(.text)
    __2sprintf                               0x080001e1   Thumb Code    34  noretval__2sprintf.o(.text)
    __printf                                 0x08000209   Thumb Code   104  __printf.o(.text)
    strlen                                   0x08000271   Thumb Code    62  strlen.o(.text)
    __aeabi_memclr4                          0x080002af   Thumb Code     0  rt_memclr_w.o(.text)
    __aeabi_memclr8                          0x080002af   Thumb Code     0  rt_memclr_w.o(.text)
    __rt_memclr_w                            0x080002af   Thumb Code    78  rt_memclr_w.o(.text)
    _memset_w                                0x080002b3   Thumb Code     0  rt_memclr_w.o(.text)
    __use_two_region_memory                  0x080002fd   Thumb Code     2  heapauxi.o(.text)
    __rt_heap_escrow$2region                 0x080002ff   Thumb Code     2  heapauxi.o(.text)
    __rt_heap_expand$2region                 0x08000301   Thumb Code     2  heapauxi.o(.text)
    __lib_sel_fp_printf                      0x08000303   Thumb Code     2  _printf_fp_dec.o(.text)
    _printf_fp_dec_real                      0x080004b5   Thumb Code   620  _printf_fp_dec.o(.text)
    _printf_char_common                      0x0800072b   Thumb Code    32  _printf_char_common.o(.text)
    _sputc                                   0x08000751   Thumb Code    10  _sputc.o(.text)
    __rt_locale                              0x0800075d   Thumb Code     8  rt_locale_intlibspace.o(.text)
    _ll_udiv10                               0x08000765   Thumb Code   138  lludiv10.o(.text)
    _printf_fp_infnan                        0x080007f1   Thumb Code   112  _printf_fp_infnan.o(.text)
    _btod_etento                             0x08000871   Thumb Code   224  bigflt0.o(.text)
    __user_libspace                          0x08000955   Thumb Code     8  libspace.o(.text)
    __user_perproc_libspace                  0x08000955   Thumb Code     0  libspace.o(.text)
    __user_perthread_libspace                0x08000955   Thumb Code     0  libspace.o(.text)
    __user_setup_stackheap                   0x0800095d   Thumb Code    74  sys_stackheap_outer.o(.text)
    exit                                     0x080009a7   Thumb Code    18  exit.o(.text)
    strcmp                                   0x080009b9   Thumb Code   128  strcmpv7m.o(.text)
    _sys_exit                                0x08000a39   Thumb Code     8  sys_exit.o(.text)
    __I$use$semihosting                      0x08000a45   Thumb Code     0  use_no_semi.o(.text)
    __use_no_semihosting_swi                 0x08000a45   Thumb Code     2  use_no_semi.o(.text)
    __semihosting_library_function           0x08000a47   Thumb Code     0  indicate_semi.o(.text)
    _btod_d2e                                0x08000a47   Thumb Code    62  btod.o(CL$$btod_d2e)
    _d2e_denorm_low                          0x08000a85   Thumb Code    70  btod.o(CL$$btod_d2e_denorm_low)
    _d2e_norm_op1                            0x08000acb   Thumb Code    96  btod.o(CL$$btod_d2e_norm_op1)
    __btod_div_common                        0x08000b2b   Thumb Code   696  btod.o(CL$$btod_div_common)
    _e2e                                     0x08000e63   Thumb Code   220  btod.o(CL$$btod_e2e)
    _btod_ediv                               0x08000f3f   Thumb Code    42  btod.o(CL$$btod_ediv)
    _btod_emul                               0x08000f69   Thumb Code    42  btod.o(CL$$btod_emul)
    __btod_mult_common                       0x08000f93   Thumb Code   580  btod.o(CL$$btod_mult_common)
    BusFault_Handler                         0x080011d7   Thumb Code     2  stm32f1xx_it.o(i.BusFault_Handler)
    DebugMon_Handler                         0x080011d9   Thumb Code     2  stm32f1xx_it.o(i.DebugMon_Handler)
    Error_Handler                            0x080011db   Thumb Code     4  main.o(i.Error_Handler)
    Filter_SMA                               0x080011e1   Thumb Code    54  filter_sma.o(i.Filter_SMA)
    HAL_GPIO_Init                            0x0800121d   Thumb Code   418  stm32f1xx_hal_gpio.o(i.HAL_GPIO_Init)
    HAL_GPIO_ReadPin                         0x080013dd   Thumb Code    10  stm32f1xx_hal_gpio.o(i.HAL_GPIO_ReadPin)
    HAL_GPIO_TogglePin                       0x080013e7   Thumb Code    16  stm32f1xx_hal_gpio.o(i.HAL_GPIO_TogglePin)
    HAL_GPIO_WritePin                        0x080013f7   Thumb Code    10  stm32f1xx_hal_gpio.o(i.HAL_GPIO_WritePin)
    HAL_GetTick                              0x08001401   Thumb Code     6  stm32f1xx_hal.o(i.HAL_GetTick)
    HAL_IncTick                              0x0800140d   Thumb Code    12  stm32f1xx_hal.o(i.HAL_IncTick)
    HAL_Init                                 0x0800141d   Thumb Code    32  stm32f1xx_hal.o(i.HAL_Init)
    HAL_InitTick                             0x08001441   Thumb Code    54  stm32f1xx_hal.o(i.HAL_InitTick)
    HAL_MspInit                              0x08001481   Thumb Code    52  stm32f1xx_hal_msp.o(i.HAL_MspInit)
    HAL_NVIC_EnableIRQ                       0x080014bd   Thumb Code    26  stm32f1xx_hal_cortex.o(i.HAL_NVIC_EnableIRQ)
    HAL_NVIC_SetPriority                     0x080014d9   Thumb Code    60  stm32f1xx_hal_cortex.o(i.HAL_NVIC_SetPriority)
    HAL_NVIC_SetPriorityGrouping             0x08001519   Thumb Code    26  stm32f1xx_hal_cortex.o(i.HAL_NVIC_SetPriorityGrouping)
    HAL_RCC_ClockConfig                      0x0800153d   Thumb Code   280  stm32f1xx_hal_rcc.o(i.HAL_RCC_ClockConfig)
    HAL_RCC_GetPCLK1Freq                     0x08001669   Thumb Code    20  stm32f1xx_hal_rcc.o(i.HAL_RCC_GetPCLK1Freq)
    HAL_RCC_GetPCLK2Freq                     0x08001689   Thumb Code    20  stm32f1xx_hal_rcc.o(i.HAL_RCC_GetPCLK2Freq)
    HAL_RCC_GetSysClockFreq                  0x080016a9   Thumb Code    74  stm32f1xx_hal_rcc.o(i.HAL_RCC_GetSysClockFreq)
    HAL_RCC_OscConfig                        0x08001715   Thumb Code   778  stm32f1xx_hal_rcc.o(i.HAL_RCC_OscConfig)
    HAL_SPI_Init                             0x08001a35   Thumb Code   178  stm32f1xx_hal_spi.o(i.HAL_SPI_Init)
    HAL_SPI_MspInit                          0x08001ae9   Thumb Code    98  spi.o(i.HAL_SPI_MspInit)
    HAL_SPI_TransmitReceive                  0x08001b59   Thumb Code   482  stm32f1xx_hal_spi.o(i.HAL_SPI_TransmitReceive)
    HAL_SYSTICK_Config                       0x08001d3b   Thumb Code    40  stm32f1xx_hal_cortex.o(i.HAL_SYSTICK_Config)
    HAL_TIMEx_BreakCallback                  0x08001d63   Thumb Code     2  stm32f1xx_hal_tim_ex.o(i.HAL_TIMEx_BreakCallback)
    HAL_TIMEx_CommutCallback                 0x08001d65   Thumb Code     2  stm32f1xx_hal_tim_ex.o(i.HAL_TIMEx_CommutCallback)
    HAL_TIMEx_MasterConfigSynchronization    0x08001d69   Thumb Code    86  stm32f1xx_hal_tim_ex.o(i.HAL_TIMEx_MasterConfigSynchronization)
    HAL_TIM_Base_Init                        0x08001dc9   Thumb Code    90  stm32f1xx_hal_tim.o(i.HAL_TIM_Base_Init)
    HAL_TIM_Base_MspInit                     0x08001e25   Thumb Code   162  tim.o(i.HAL_TIM_Base_MspInit)
    HAL_TIM_Base_Start_IT                    0x08001ed9   Thumb Code    70  stm32f1xx_hal_tim.o(i.HAL_TIM_Base_Start_IT)
    HAL_TIM_ConfigClockSource                0x08001f29   Thumb Code   214  stm32f1xx_hal_tim.o(i.HAL_TIM_ConfigClockSource)
    HAL_TIM_IC_CaptureCallback               0x08002001   Thumb Code    88  main.o(i.HAL_TIM_IC_CaptureCallback)
    HAL_TIM_IC_ConfigChannel                 0x08002061   Thumb Code   270  stm32f1xx_hal_tim.o(i.HAL_TIM_IC_ConfigChannel)
    HAL_TIM_IC_Init                          0x0800216f   Thumb Code    90  stm32f1xx_hal_tim.o(i.HAL_TIM_IC_Init)
    HAL_TIM_IC_MspInit                       0x080021c9   Thumb Code     2  stm32f1xx_hal_tim.o(i.HAL_TIM_IC_MspInit)
    HAL_TIM_IC_Start_IT                      0x080021cd   Thumb Code   206  stm32f1xx_hal_tim.o(i.HAL_TIM_IC_Start_IT)
    HAL_TIM_IRQHandler                       0x080022a5   Thumb Code   358  stm32f1xx_hal_tim.o(i.HAL_TIM_IRQHandler)
    HAL_TIM_OC_DelayElapsedCallback          0x0800240b   Thumb Code     2  stm32f1xx_hal_tim.o(i.HAL_TIM_OC_DelayElapsedCallback)
    HAL_TIM_PWM_PulseFinishedCallback        0x0800240d   Thumb Code     2  stm32f1xx_hal_tim.o(i.HAL_TIM_PWM_PulseFinishedCallback)
    HAL_TIM_PeriodElapsedCallback            0x0800240f   Thumb Code     2  stm32f1xx_hal_tim.o(i.HAL_TIM_PeriodElapsedCallback)
    HAL_TIM_ReadCapturedValue                0x08002411   Thumb Code    42  stm32f1xx_hal_tim.o(i.HAL_TIM_ReadCapturedValue)
    HAL_TIM_TriggerCallback                  0x0800243b   Thumb Code     2  stm32f1xx_hal_tim.o(i.HAL_TIM_TriggerCallback)
    HAL_UART_Init                            0x0800243d   Thumb Code    98  stm32f1xx_hal_uart.o(i.HAL_UART_Init)
    HAL_UART_MspInit                         0x080024a1   Thumb Code   156  usart.o(i.HAL_UART_MspInit)
    HAL_UART_Transmit                        0x0800254d   Thumb Code   178  stm32f1xx_hal_uart.o(i.HAL_UART_Transmit)
    HardFault_Handler                        0x080025ff   Thumb Code     2  stm32f1xx_it.o(i.HardFault_Handler)
    MX_GPIO_Init                             0x08002601   Thumb Code   134  gpio.o(i.MX_GPIO_Init)
    MX_SPI1_Init                             0x08002695   Thumb Code    66  spi.o(i.MX_SPI1_Init)
    MX_TIM1_Init                             0x080026e1   Thumb Code    94  tim.o(i.MX_TIM1_Init)
    MX_TIM2_Init                             0x08002749   Thumb Code   164  tim.o(i.MX_TIM2_Init)
    MX_TIM3_Init                             0x080027f1   Thumb Code    94  tim.o(i.MX_TIM3_Init)
    MX_USART1_UART_Init                      0x08002859   Thumb Code    48  usart.o(i.MX_USART1_UART_Init)
    MX_USART2_UART_Init                      0x08002891   Thumb Code    48  usart.o(i.MX_USART2_UART_Init)
    MemManage_Handler                        0x080028c9   Thumb Code     2  stm32f1xx_it.o(i.MemManage_Handler)
    NMI_Handler                              0x080028cb   Thumb Code     2  stm32f1xx_it.o(i.NMI_Handler)
    PendSV_Handler                           0x080028cd   Thumb Code     2  stm32f1xx_it.o(i.PendSV_Handler)
    SVC_Handler                              0x080029a9   Thumb Code     2  stm32f1xx_it.o(i.SVC_Handler)
    SetLoopsFrequency                        0x080029ad   Thumb Code    46  main.o(i.SetLoopsFrequency)
    SetUpdateFreq                            0x080029ed   Thumb Code    42  main.o(i.SetUpdateFreq)
    SysTick_Handler                          0x08002a2d   Thumb Code    74  stm32f1xx_it.o(i.SysTick_Handler)
    SystemClock_Config                       0x08002a99   Thumb Code    94  main.o(i.SystemClock_Config)
    SystemCoreClockUpdate                    0x08002af9   Thumb Code    82  system_stm32f1xx.o(i.SystemCoreClockUpdate)
    SystemInit                               0x08002b61   Thumb Code     2  system_stm32f1xx.o(i.SystemInit)
    TIM1_UP_IRQHandler                       0x08002b65   Thumb Code     6  stm32f1xx_it.o(i.TIM1_UP_IRQHandler)
    TIM2_IRQHandler                          0x08002b71   Thumb Code     6  stm32f1xx_it.o(i.TIM2_IRQHandler)
    TIM3_IRQHandler                          0x08002b7d   Thumb Code   134  stm32f1xx_it.o(i.TIM3_IRQHandler)
    TIM_Base_SetConfig                       0x08002c21   Thumb Code    84  stm32f1xx_hal_tim.o(i.TIM_Base_SetConfig)
    TIM_CCxChannelCmd                        0x08002c7d   Thumb Code    26  stm32f1xx_hal_tim.o(i.TIM_CCxChannelCmd)
    TIM_ETR_SetConfig                        0x08002c97   Thumb Code    20  stm32f1xx_hal_tim.o(i.TIM_ETR_SetConfig)
    TIM_TI1_SetConfig                        0x08002cdd   Thumb Code    70  stm32f1xx_hal_tim.o(i.TIM_TI1_SetConfig)
    UsageFault_Handler                       0x08002ea5   Thumb Code     2  stm32f1xx_it.o(i.UsageFault_Handler)
    __ARM_fpclassify                         0x08002ea7   Thumb Code    40  fpclassify.o(i.__ARM_fpclassify)
    cobs_encode                              0x08002eef   Thumb Code    62  cobs.o(i.cobs_encode)
    get_angle_raw                            0x08002f2d   Thumb Code   118  as5048.o(i.get_angle_raw)
    main                                     0x08002fb1   Thumb Code   444  main.o(i.main)
    _get_lc_numeric                          0x080031c1   Thumb Code    44  lc_numeric_c.o(locale$$code)
    __aeabi_d2f                              0x080031ed   Thumb Code     0  d2f.o(x$fpl$d2f)
    _d2f                                     0x080031ed   Thumb Code    98  d2f.o(x$fpl$d2f)
    __aeabi_dadd                             0x08003251   Thumb Code     0  daddsub_clz.o(x$fpl$dadd)
    _dadd                                    0x08003251   Thumb Code   332  daddsub_clz.o(x$fpl$dadd)
    __aeabi_ddiv                             0x080033a1   Thumb Code     0  ddiv.o(x$fpl$ddiv)
    _ddiv                                    0x080033a1   Thumb Code   552  ddiv.o(x$fpl$ddiv)
    __aeabi_d2uiz                            0x08003651   Thumb Code     0  dfixu.o(x$fpl$dfixu)
    _dfixu                                   0x08003651   Thumb Code    90  dfixu.o(x$fpl$dfixu)
    __aeabi_ui2d                             0x080036ab   Thumb Code     0  dflt_clz.o(x$fpl$dfltu)
    _dfltu                                   0x080036ab   Thumb Code    38  dflt_clz.o(x$fpl$dfltu)
    __aeabi_dmul                             0x080036d1   Thumb Code     0  dmul.o(x$fpl$dmul)
    _dmul                                    0x080036d1   Thumb Code   332  dmul.o(x$fpl$dmul)
    __fpl_dnaninf                            0x08003825   Thumb Code   156  dnaninf.o(x$fpl$dnaninf)
    __fpl_dretinf                            0x080038c1   Thumb Code    12  dretinf.o(x$fpl$dretinf)
    __aeabi_drsub                            0x080038cd   Thumb Code     0  daddsub_clz.o(x$fpl$drsb)
    _drsb                                    0x080038cd   Thumb Code    22  daddsub_clz.o(x$fpl$drsb)
    __aeabi_dsub                             0x080038e5   Thumb Code     0  daddsub_clz.o(x$fpl$dsub)
    _dsub                                    0x080038e5   Thumb Code   464  daddsub_clz.o(x$fpl$dsub)
    __aeabi_f2d                              0x08003ab9   Thumb Code     0  f2d.o(x$fpl$f2d)
    _f2d                                     0x08003ab9   Thumb Code    86  f2d.o(x$fpl$f2d)
    __aeabi_fadd                             0x08003b11   Thumb Code     0  faddsub_clz.o(x$fpl$fadd)
    _fadd                                    0x08003b11   Thumb Code   196  faddsub_clz.o(x$fpl$fadd)
    __aeabi_fdiv                             0x08003bd5   Thumb Code     0  fdiv.o(x$fpl$fdiv)
    _fdiv                                    0x08003bd5   Thumb Code   384  fdiv.o(x$fpl$fdiv)
    __aeabi_ui2f                             0x08003d59   Thumb Code     0  fflt_clz.o(x$fpl$ffltu)
    _ffltu                                   0x08003d59   Thumb Code    38  fflt_clz.o(x$fpl$ffltu)
    __fpl_fnaninf                            0x08003d7f   Thumb Code   140  fnaninf.o(x$fpl$fnaninf)
    __fpl_fretinf                            0x08003e0b   Thumb Code    10  fretinf.o(x$fpl$fretinf)
    __aeabi_fsub                             0x08003e15   Thumb Code     0  faddsub_clz.o(x$fpl$fsub)
    _fsub                                    0x08003e15   Thumb Code   234  faddsub_clz.o(x$fpl$fsub)
    _printf_fp_dec                           0x08003eff   Thumb Code     4  printf1.o(x$fpl$printf1)
    AHBPrescTable                            0x08003f02   Data          16  system_stm32f1xx.o(.constdata)
    __I$use$fp                               0x08003f02   Number         0  usenofp.o(x$fpl$usenofp)
    APBPrescTable                            0x08003f12   Data           8  system_stm32f1xx.o(.constdata)
    Region$$Table$$Base                      0x08003fb0   Number         0  anon$$obj.o(Region$$Table)
    Region$$Table$$Limit                     0x08003fd0   Number         0  anon$$obj.o(Region$$Table)
    angle_raw_16                             0x20000002   Data           2  as5048.o(.data)
    f_send_to_drv                            0x20000004   Data           1  main.o(.data)
    lets_time_to_read_angle                  0x20000005   Data           1  main.o(.data)
    lets_time_to_send_angle                  0x20000006   Data           1  main.o(.data)
    angle_raw_int                            0x20000008   Data           2  main.o(.data)
    angle_raw_int_filtred                    0x2000000a   Data           2  main.o(.data)
    speed                                    0x2000000c   Data           4  main.o(.data)
    angle_raw_float                          0x20000010   Data           4  main.o(.data)
    angle_raw_float_filtred                  0x20000014   Data           4  main.o(.data)
    update_freq                              0x20000018   Data           4  main.o(.data)
    period                                   0x2000001c   Data           4  main.o(.data)
    pulseWidth                               0x20000020   Data           4  main.o(.data)
    pwm                                      0x20000024   Data           4  main.o(.data)
    pwm_valid                                0x20000028   Data           4  main.o(.data)
    sys_count                                0x2000002c   Data           4  main.o(.data)
    buf_drv_send_decoded                     0x20000030   Data           5  main.o(.data)
    buf_drv_send                             0x20000035   Data           7  main.o(.data)
    sys_count_pred                           0x2000003c   Data           4  main.o(.data)
    angle_loop                               0x20000040   Data           4  stm32f1xx_it.o(.data)
    drv_loop                                 0x20000044   Data           4  stm32f1xx_it.o(.data)
    count_max                                0x20000048   Data           4  stm32f1xx_it.o(.data)
    pc_loop                                  0x2000004c   Data           4  stm32f1xx_it.o(.data)
    count                                    0x20000050   Data           4  stm32f1xx_it.o(.data)
    uwTickFreq                               0x20000054   Data           1  stm32f1xx_hal.o(.data)
    uwTickPrio                               0x20000058   Data           4  stm32f1xx_hal.o(.data)
    uwTick                                   0x2000005c   Data           4  stm32f1xx_hal.o(.data)
    SystemCoreClock                          0x20000060   Data           4  system_stm32f1xx.o(.data)
    Filter_Buffer                            0x20000064   Data          24  filter_sma.o(.bss)
    str_2f                                   0x2000007c   Data          50  main.o(.bss)
    hspi1                                    0x200000b0   Data          88  spi.o(.bss)
    htim1                                    0x20000108   Data          72  tim.o(.bss)
    htim2                                    0x20000150   Data          72  tim.o(.bss)
    htim3                                    0x20000198   Data          72  tim.o(.bss)
    huart1                                   0x200001e0   Data          68  usart.o(.bss)
    huart2                                   0x20000224   Data          68  usart.o(.bss)
    __libspace_start                         0x20000268   Data          96  libspace.o(.bss)
    __temporary_stack_top$libspace           0x200002c8   Data           0  libspace.o(.bss)



==============================================================================

Memory Map of the image

  Image Entry point : 0x080000ed

  Load Region LR_IROM1 (Base: 0x08000000, Size: 0x00004050, Max: 0x00008000, ABSOLUTE)

    Execution Region ER_IROM1 (Exec base: 0x08000000, Load base: 0x08000000, Size: 0x00003fec, Max: 0x00008000, ABSOLUTE)

    Exec Addr    Load Addr    Size         Type   Attr      Idx    E Section Name        Object

    0x08000000   0x08000000   0x000000ec   Data   RO            3    RESET               startup_stm32f103x6.o
    0x080000ec   0x080000ec   0x00000008   Code   RO         3290  * !!!main             c_w.l(__main.o)
    0x080000f4   0x080000f4   0x00000034   Code   RO         3552    !!!scatter          c_w.l(__scatter.o)
    0x08000128   0x08000128   0x0000001a   Code   RO         3554    !!handler_copy      c_w.l(__scatter_copy.o)
    0x08000142   0x08000142   0x00000002   PAD
    0x08000144   0x08000144   0x0000001c   Code   RO         3556    !!handler_zi        c_w.l(__scatter_zi.o)
    0x08000160   0x08000160   0x00000000   Code   RO         3283    .ARM.Collect$$_printf_percent$$00000000  c_w.l(_printf_percent.o)
    0x08000160   0x08000160   0x00000006   Code   RO         3282    .ARM.Collect$$_printf_percent$$00000003  c_w.l(_printf_f.o)
    0x08000166   0x08000166   0x00000004   Code   RO         3343    .ARM.Collect$$_printf_percent$$00000017  c_w.l(_printf_percent_end.o)
    0x0800016a   0x0800016a   0x00000002   Code   RO         3425    .ARM.Collect$$libinit$$00000000  c_w.l(libinit.o)
    0x0800016c   0x0800016c   0x00000000   Code   RO         3427    .ARM.Collect$$libinit$$00000002  c_w.l(libinit2.o)
    0x0800016c   0x0800016c   0x00000000   Code   RO         3429    .ARM.Collect$$libinit$$00000004  c_w.l(libinit2.o)
    0x0800016c   0x0800016c   0x00000000   Code   RO         3432    .ARM.Collect$$libinit$$0000000A  c_w.l(libinit2.o)
    0x0800016c   0x0800016c   0x00000000   Code   RO         3434    .ARM.Collect$$libinit$$0000000C  c_w.l(libinit2.o)
    0x0800016c   0x0800016c   0x00000000   Code   RO         3436    .ARM.Collect$$libinit$$0000000E  c_w.l(libinit2.o)
    0x0800016c   0x0800016c   0x00000006   Code   RO         3437    .ARM.Collect$$libinit$$0000000F  c_w.l(libinit2.o)
    0x08000172   0x08000172   0x00000000   Code   RO         3439    .ARM.Collect$$libinit$$00000011  c_w.l(libinit2.o)
    0x08000172   0x08000172   0x00000000   Code   RO         3441    .ARM.Collect$$libinit$$00000013  c_w.l(libinit2.o)
    0x08000172   0x08000172   0x00000000   Code   RO         3443    .ARM.Collect$$libinit$$00000015  c_w.l(libinit2.o)
    0x08000172   0x08000172   0x0000000a   Code   RO         3444    .ARM.Collect$$libinit$$00000016  c_w.l(libinit2.o)
    0x0800017c   0x0800017c   0x00000000   Code   RO         3445    .ARM.Collect$$libinit$$00000017  c_w.l(libinit2.o)
    0x0800017c   0x0800017c   0x00000000   Code   RO         3447    .ARM.Collect$$libinit$$00000019  c_w.l(libinit2.o)
    0x0800017c   0x0800017c   0x00000000   Code   RO         3449    .ARM.Collect$$libinit$$0000001B  c_w.l(libinit2.o)
    0x0800017c   0x0800017c   0x00000000   Code   RO         3451    .ARM.Collect$$libinit$$0000001D  c_w.l(libinit2.o)
    0x0800017c   0x0800017c   0x00000000   Code   RO         3453    .ARM.Collect$$libinit$$0000001F  c_w.l(libinit2.o)
    0x0800017c   0x0800017c   0x00000000   Code   RO         3455    .ARM.Collect$$libinit$$00000021  c_w.l(libinit2.o)
    0x0800017c   0x0800017c   0x00000000   Code   RO         3457    .ARM.Collect$$libinit$$00000023  c_w.l(libinit2.o)
    0x0800017c   0x0800017c   0x00000000   Code   RO         3459    .ARM.Collect$$libinit$$00000025  c_w.l(libinit2.o)
    0x0800017c   0x0800017c   0x00000000   Code   RO         3463    .ARM.Collect$$libinit$$0000002C  c_w.l(libinit2.o)
    0x0800017c   0x0800017c   0x00000000   Code   RO         3465    .ARM.Collect$$libinit$$0000002E  c_w.l(libinit2.o)
    0x0800017c   0x0800017c   0x00000000   Code   RO         3467    .ARM.Collect$$libinit$$00000030  c_w.l(libinit2.o)
    0x0800017c   0x0800017c   0x00000000   Code   RO         3469    .ARM.Collect$$libinit$$00000032  c_w.l(libinit2.o)
    0x0800017c   0x0800017c   0x00000002   Code   RO         3470    .ARM.Collect$$libinit$$00000033  c_w.l(libinit2.o)
    0x0800017e   0x0800017e   0x00000002   Code   RO         3500    .ARM.Collect$$libshutdown$$00000000  c_w.l(libshutdown.o)
    0x08000180   0x08000180   0x00000000   Code   RO         3511    .ARM.Collect$$libshutdown$$00000002  c_w.l(libshutdown2.o)
    0x08000180   0x08000180   0x00000000   Code   RO         3513    .ARM.Collect$$libshutdown$$00000004  c_w.l(libshutdown2.o)
    0x08000180   0x08000180   0x00000000   Code   RO         3516    .ARM.Collect$$libshutdown$$00000007  c_w.l(libshutdown2.o)
    0x08000180   0x08000180   0x00000000   Code   RO         3519    .ARM.Collect$$libshutdown$$0000000A  c_w.l(libshutdown2.o)
    0x08000180   0x08000180   0x00000000   Code   RO         3521    .ARM.Collect$$libshutdown$$0000000C  c_w.l(libshutdown2.o)
    0x08000180   0x08000180   0x00000000   Code   RO         3524    .ARM.Collect$$libshutdown$$0000000F  c_w.l(libshutdown2.o)
    0x08000180   0x08000180   0x00000002   Code   RO         3525    .ARM.Collect$$libshutdown$$00000010  c_w.l(libshutdown2.o)
    0x08000182   0x08000182   0x00000000   Code   RO         3336    .ARM.Collect$$rtentry$$00000000  c_w.l(__rtentry.o)
    0x08000182   0x08000182   0x00000000   Code   RO         3354    .ARM.Collect$$rtentry$$00000002  c_w.l(__rtentry2.o)
    0x08000182   0x08000182   0x00000006   Code   RO         3366    .ARM.Collect$$rtentry$$00000004  c_w.l(__rtentry4.o)
    0x08000188   0x08000188   0x00000000   Code   RO         3356    .ARM.Collect$$rtentry$$00000009  c_w.l(__rtentry2.o)
    0x08000188   0x08000188   0x00000004   Code   RO         3357    .ARM.Collect$$rtentry$$0000000A  c_w.l(__rtentry2.o)
    0x0800018c   0x0800018c   0x00000000   Code   RO         3359    .ARM.Collect$$rtentry$$0000000C  c_w.l(__rtentry2.o)
    0x0800018c   0x0800018c   0x00000008   Code   RO         3360    .ARM.Collect$$rtentry$$0000000D  c_w.l(__rtentry2.o)
    0x08000194   0x08000194   0x00000002   Code   RO         3471    .ARM.Collect$$rtexit$$00000000  c_w.l(rtexit.o)
    0x08000196   0x08000196   0x00000000   Code   RO         3478    .ARM.Collect$$rtexit$$00000002  c_w.l(rtexit2.o)
    0x08000196   0x08000196   0x00000004   Code   RO         3479    .ARM.Collect$$rtexit$$00000003  c_w.l(rtexit2.o)
    0x0800019a   0x0800019a   0x00000006   Code   RO         3480    .ARM.Collect$$rtexit$$00000004  c_w.l(rtexit2.o)
    0x080001a0   0x080001a0   0x00000040   Code   RO            4    .text               startup_stm32f103x6.o
    0x080001e0   0x080001e0   0x00000028   Code   RO         3258    .text               c_w.l(noretval__2sprintf.o)
    0x08000208   0x08000208   0x00000068   Code   RO         3260    .text               c_w.l(__printf.o)
    0x08000270   0x08000270   0x0000003e   Code   RO         3284    .text               c_w.l(strlen.o)
    0x080002ae   0x080002ae   0x0000004e   Code   RO         3286    .text               c_w.l(rt_memclr_w.o)
    0x080002fc   0x080002fc   0x00000006   Code   RO         3288    .text               c_w.l(heapauxi.o)
    0x08000302   0x08000302   0x0000041e   Code   RO         3337    .text               c_w.l(_printf_fp_dec.o)
    0x08000720   0x08000720   0x00000030   Code   RO         3339    .text               c_w.l(_printf_char_common.o)
    0x08000750   0x08000750   0x0000000a   Code   RO         3341    .text               c_w.l(_sputc.o)
    0x0800075a   0x0800075a   0x00000002   PAD
    0x0800075c   0x0800075c   0x00000008   Code   RO         3371    .text               c_w.l(rt_locale_intlibspace.o)
    0x08000764   0x08000764   0x0000008a   Code   RO         3373    .text               c_w.l(lludiv10.o)
    0x080007ee   0x080007ee   0x00000002   PAD
    0x080007f0   0x080007f0   0x00000080   Code   RO         3375    .text               c_w.l(_printf_fp_infnan.o)
    0x08000870   0x08000870   0x000000e4   Code   RO         3379    .text               c_w.l(bigflt0.o)
    0x08000954   0x08000954   0x00000008   Code   RO         3411    .text               c_w.l(libspace.o)
    0x0800095c   0x0800095c   0x0000004a   Code   RO         3414    .text               c_w.l(sys_stackheap_outer.o)
    0x080009a6   0x080009a6   0x00000012   Code   RO         3416    .text               c_w.l(exit.o)
    0x080009b8   0x080009b8   0x00000080   Code   RO         3418    .text               c_w.l(strcmpv7m.o)
    0x08000a38   0x08000a38   0x0000000c   Code   RO         3490    .text               c_w.l(sys_exit.o)
    0x08000a44   0x08000a44   0x00000002   Code   RO         3501    .text               c_w.l(use_no_semi.o)
    0x08000a46   0x08000a46   0x00000000   Code   RO         3503    .text               c_w.l(indicate_semi.o)
    0x08000a46   0x08000a46   0x0000003e   Code   RO         3382    CL$$btod_d2e        c_w.l(btod.o)
    0x08000a84   0x08000a84   0x00000046   Code   RO         3384    CL$$btod_d2e_denorm_low  c_w.l(btod.o)
    0x08000aca   0x08000aca   0x00000060   Code   RO         3383    CL$$btod_d2e_norm_op1  c_w.l(btod.o)
    0x08000b2a   0x08000b2a   0x00000338   Code   RO         3392    CL$$btod_div_common  c_w.l(btod.o)
    0x08000e62   0x08000e62   0x000000dc   Code   RO         3389    CL$$btod_e2e        c_w.l(btod.o)
    0x08000f3e   0x08000f3e   0x0000002a   Code   RO         3386    CL$$btod_ediv       c_w.l(btod.o)
    0x08000f68   0x08000f68   0x0000002a   Code   RO         3385    CL$$btod_emul       c_w.l(btod.o)
    0x08000f92   0x08000f92   0x00000244   Code   RO         3391    CL$$btod_mult_common  c_w.l(btod.o)
    0x080011d6   0x080011d6   0x00000002   Code   RO          441    i.BusFault_Handler  stm32f1xx_it.o
    0x080011d8   0x080011d8   0x00000002   Code   RO          442    i.DebugMon_Handler  stm32f1xx_it.o
    0x080011da   0x080011da   0x00000004   Code   RO          192    i.Error_Handler     main.o
    0x080011de   0x080011de   0x00000002   PAD
    0x080011e0   0x080011e0   0x0000003c   Code   RO           13    i.Filter_SMA        filter_sma.o
    0x0800121c   0x0800121c   0x000001c0   Code   RO         1237    i.HAL_GPIO_Init     stm32f1xx_hal_gpio.o
    0x080013dc   0x080013dc   0x0000000a   Code   RO         1239    i.HAL_GPIO_ReadPin  stm32f1xx_hal_gpio.o
    0x080013e6   0x080013e6   0x00000010   Code   RO         1240    i.HAL_GPIO_TogglePin  stm32f1xx_hal_gpio.o
    0x080013f6   0x080013f6   0x0000000a   Code   RO         1241    i.HAL_GPIO_WritePin  stm32f1xx_hal_gpio.o
    0x08001400   0x08001400   0x0000000c   Code   RO          933    i.HAL_GetTick       stm32f1xx_hal.o
    0x0800140c   0x0800140c   0x00000010   Code   RO          939    i.HAL_IncTick       stm32f1xx_hal.o
    0x0800141c   0x0800141c   0x00000024   Code   RO          940    i.HAL_Init          stm32f1xx_hal.o
    0x08001440   0x08001440   0x00000040   Code   RO          941    i.HAL_InitTick      stm32f1xx_hal.o
    0x08001480   0x08001480   0x0000003c   Code   RO          540    i.HAL_MspInit       stm32f1xx_hal_msp.o
    0x080014bc   0x080014bc   0x0000001a   Code   RO         1397    i.HAL_NVIC_EnableIRQ  stm32f1xx_hal_cortex.o
    0x080014d6   0x080014d6   0x00000002   PAD
    0x080014d8   0x080014d8   0x00000040   Code   RO         1403    i.HAL_NVIC_SetPriority  stm32f1xx_hal_cortex.o
    0x08001518   0x08001518   0x00000024   Code   RO         1404    i.HAL_NVIC_SetPriorityGrouping  stm32f1xx_hal_cortex.o
    0x0800153c   0x0800153c   0x0000012c   Code   RO         1097    i.HAL_RCC_ClockConfig  stm32f1xx_hal_rcc.o
    0x08001668   0x08001668   0x00000020   Code   RO         1104    i.HAL_RCC_GetPCLK1Freq  stm32f1xx_hal_rcc.o
    0x08001688   0x08001688   0x00000020   Code   RO         1105    i.HAL_RCC_GetPCLK2Freq  stm32f1xx_hal_rcc.o
    0x080016a8   0x080016a8   0x0000006c   Code   RO         1106    i.HAL_RCC_GetSysClockFreq  stm32f1xx_hal_rcc.o
    0x08001714   0x08001714   0x00000320   Code   RO         1109    i.HAL_RCC_OscConfig  stm32f1xx_hal_rcc.o
    0x08001a34   0x08001a34   0x000000b2   Code   RO          611    i.HAL_SPI_Init      stm32f1xx_hal_spi.o
    0x08001ae6   0x08001ae6   0x00000002   PAD
    0x08001ae8   0x08001ae8   0x00000070   Code   RO          298    i.HAL_SPI_MspInit   spi.o
    0x08001b58   0x08001b58   0x000001e2   Code   RO          620    i.HAL_SPI_TransmitReceive  stm32f1xx_hal_spi.o
    0x08001d3a   0x08001d3a   0x00000028   Code   RO         1408    i.HAL_SYSTICK_Config  stm32f1xx_hal_cortex.o
    0x08001d62   0x08001d62   0x00000002   Code   RO         2593    i.HAL_TIMEx_BreakCallback  stm32f1xx_hal_tim_ex.o
    0x08001d64   0x08001d64   0x00000002   Code   RO         2594    i.HAL_TIMEx_CommutCallback  stm32f1xx_hal_tim_ex.o
    0x08001d66   0x08001d66   0x00000002   PAD
    0x08001d68   0x08001d68   0x00000060   Code   RO         2612    i.HAL_TIMEx_MasterConfigSynchronization  stm32f1xx_hal_tim_ex.o
    0x08001dc8   0x08001dc8   0x0000005a   Code   RO         1889    i.HAL_TIM_Base_Init  stm32f1xx_hal_tim.o
    0x08001e22   0x08001e22   0x00000002   PAD
    0x08001e24   0x08001e24   0x000000b4   Code   RO          340    i.HAL_TIM_Base_MspInit  tim.o
    0x08001ed8   0x08001ed8   0x00000050   Code   RO         1894    i.HAL_TIM_Base_Start_IT  stm32f1xx_hal_tim.o
    0x08001f28   0x08001f28   0x000000d6   Code   RO         1898    i.HAL_TIM_ConfigClockSource  stm32f1xx_hal_tim.o
    0x08001ffe   0x08001ffe   0x00000002   PAD
    0x08002000   0x08002000   0x00000060   Code   RO          193    i.HAL_TIM_IC_CaptureCallback  main.o
    0x08002060   0x08002060   0x0000010e   Code   RO         1925    i.HAL_TIM_IC_ConfigChannel  stm32f1xx_hal_tim.o
    0x0800216e   0x0800216e   0x0000005a   Code   RO         1928    i.HAL_TIM_IC_Init   stm32f1xx_hal_tim.o
    0x080021c8   0x080021c8   0x00000002   Code   RO         1930    i.HAL_TIM_IC_MspInit  stm32f1xx_hal_tim.o
    0x080021ca   0x080021ca   0x00000002   PAD
    0x080021cc   0x080021cc   0x000000d8   Code   RO         1933    i.HAL_TIM_IC_Start_IT  stm32f1xx_hal_tim.o
    0x080022a4   0x080022a4   0x00000166   Code   RO         1937    i.HAL_TIM_IRQHandler  stm32f1xx_hal_tim.o
    0x0800240a   0x0800240a   0x00000002   Code   RO         1940    i.HAL_TIM_OC_DelayElapsedCallback  stm32f1xx_hal_tim.o
    0x0800240c   0x0800240c   0x00000002   Code   RO         1967    i.HAL_TIM_PWM_PulseFinishedCallback  stm32f1xx_hal_tim.o
    0x0800240e   0x0800240e   0x00000002   Code   RO         1975    i.HAL_TIM_PeriodElapsedCallback  stm32f1xx_hal_tim.o
    0x08002410   0x08002410   0x0000002a   Code   RO         1977    i.HAL_TIM_ReadCapturedValue  stm32f1xx_hal_tim.o
    0x0800243a   0x0800243a   0x00000002   Code   RO         1980    i.HAL_TIM_TriggerCallback  stm32f1xx_hal_tim.o
    0x0800243c   0x0800243c   0x00000062   Code   RO         2889    i.HAL_UART_Init     stm32f1xx_hal_uart.o
    0x0800249e   0x0800249e   0x00000002   PAD
    0x080024a0   0x080024a0   0x000000ac   Code   RO          394    i.HAL_UART_MspInit  usart.o
    0x0800254c   0x0800254c   0x000000b2   Code   RO         2897    i.HAL_UART_Transmit  stm32f1xx_hal_uart.o
    0x080025fe   0x080025fe   0x00000002   Code   RO          443    i.HardFault_Handler  stm32f1xx_it.o
    0x08002600   0x08002600   0x00000094   Code   RO          273    i.MX_GPIO_Init      gpio.o
    0x08002694   0x08002694   0x0000004c   Code   RO          299    i.MX_SPI1_Init      spi.o
    0x080026e0   0x080026e0   0x00000068   Code   RO          341    i.MX_TIM1_Init      tim.o
    0x08002748   0x08002748   0x000000a8   Code   RO          342    i.MX_TIM2_Init      tim.o
    0x080027f0   0x080027f0   0x00000068   Code   RO          343    i.MX_TIM3_Init      tim.o
    0x08002858   0x08002858   0x00000038   Code   RO          395    i.MX_USART1_UART_Init  usart.o
    0x08002890   0x08002890   0x00000038   Code   RO          396    i.MX_USART2_UART_Init  usart.o
    0x080028c8   0x080028c8   0x00000002   Code   RO          444    i.MemManage_Handler  stm32f1xx_it.o
    0x080028ca   0x080028ca   0x00000002   Code   RO          445    i.NMI_Handler       stm32f1xx_it.o
    0x080028cc   0x080028cc   0x00000002   Code   RO          446    i.PendSV_Handler    stm32f1xx_it.o
    0x080028ce   0x080028ce   0x00000020   Code   RO          649    i.SPI_EndRxTxTransaction  stm32f1xx_hal_spi.o
    0x080028ee   0x080028ee   0x00000002   PAD
    0x080028f0   0x080028f0   0x000000b8   Code   RO          654    i.SPI_WaitFlagStateUntilTimeout  stm32f1xx_hal_spi.o
    0x080029a8   0x080029a8   0x00000002   Code   RO          447    i.SVC_Handler       stm32f1xx_it.o
    0x080029aa   0x080029aa   0x00000002   PAD
    0x080029ac   0x080029ac   0x00000040   Code   RO          194    i.SetLoopsFrequency  main.o
    0x080029ec   0x080029ec   0x00000040   Code   RO          195    i.SetUpdateFreq     main.o
    0x08002a2c   0x08002a2c   0x0000006c   Code   RO          448    i.SysTick_Handler   stm32f1xx_it.o
    0x08002a98   0x08002a98   0x0000005e   Code   RO          196    i.SystemClock_Config  main.o
    0x08002af6   0x08002af6   0x00000002   PAD
    0x08002af8   0x08002af8   0x00000068   Code   RO         3217    i.SystemCoreClockUpdate  system_stm32f1xx.o
    0x08002b60   0x08002b60   0x00000002   Code   RO         3218    i.SystemInit        system_stm32f1xx.o
    0x08002b62   0x08002b62   0x00000002   PAD
    0x08002b64   0x08002b64   0x0000000c   Code   RO          449    i.TIM1_UP_IRQHandler  stm32f1xx_it.o
    0x08002b70   0x08002b70   0x0000000c   Code   RO          450    i.TIM2_IRQHandler   stm32f1xx_it.o
    0x08002b7c   0x08002b7c   0x000000a4   Code   RO          451    i.TIM3_IRQHandler   stm32f1xx_it.o
    0x08002c20   0x08002c20   0x0000005c   Code   RO         1982    i.TIM_Base_SetConfig  stm32f1xx_hal_tim.o
    0x08002c7c   0x08002c7c   0x0000001a   Code   RO         1983    i.TIM_CCxChannelCmd  stm32f1xx_hal_tim.o
    0x08002c96   0x08002c96   0x00000014   Code   RO         1993    i.TIM_ETR_SetConfig  stm32f1xx_hal_tim.o
    0x08002caa   0x08002caa   0x00000010   Code   RO         1994    i.TIM_ITRx_SetConfig  stm32f1xx_hal_tim.o
    0x08002cba   0x08002cba   0x00000022   Code   RO         2000    i.TIM_TI1_ConfigInputStage  stm32f1xx_hal_tim.o
    0x08002cdc   0x08002cdc   0x00000050   Code   RO         2001    i.TIM_TI1_SetConfig  stm32f1xx_hal_tim.o
    0x08002d2c   0x08002d2c   0x00000024   Code   RO         2002    i.TIM_TI2_ConfigInputStage  stm32f1xx_hal_tim.o
    0x08002d50   0x08002d50   0x00000036   Code   RO         2003    i.TIM_TI2_SetConfig  stm32f1xx_hal_tim.o
    0x08002d86   0x08002d86   0x00000002   PAD
    0x08002d88   0x08002d88   0x000000b8   Code   RO         2915    i.UART_SetConfig    stm32f1xx_hal_uart.o
    0x08002e40   0x08002e40   0x00000064   Code   RO         2918    i.UART_WaitOnFlagUntilTimeout  stm32f1xx_hal_uart.o
    0x08002ea4   0x08002ea4   0x00000002   Code   RO          452    i.UsageFault_Handler  stm32f1xx_it.o
    0x08002ea6   0x08002ea6   0x00000028   Code   RO         3409    i.__ARM_fpclassify  m_ws.l(fpclassify.o)
    0x08002ece   0x08002ece   0x00000020   Code   RO         1410    i.__NVIC_SetPriority  stm32f1xx_hal_cortex.o
    0x08002eee   0x08002eee   0x0000003e   Code   RO          132    i.cobs_encode       cobs.o
    0x08002f2c   0x08002f2c   0x00000084   Code   RO          161    i.get_angle_raw     as5048.o
    0x08002fb0   0x08002fb0   0x00000210   Code   RO          197    i.main              main.o
    0x080031c0   0x080031c0   0x0000002c   Code   RO         3405    locale$$code        c_w.l(lc_numeric_c.o)
    0x080031ec   0x080031ec   0x00000062   Code   RO         3292    x$fpl$d2f           fz_ws.l(d2f.o)
    0x0800324e   0x0800324e   0x00000002   PAD
    0x08003250   0x08003250   0x00000150   Code   RO         3294    x$fpl$dadd          fz_ws.l(daddsub_clz.o)
    0x080033a0   0x080033a0   0x000002b0   Code   RO         3301    x$fpl$ddiv          fz_ws.l(ddiv.o)
    0x08003650   0x08003650   0x0000005a   Code   RO         3304    x$fpl$dfixu         fz_ws.l(dfixu.o)
    0x080036aa   0x080036aa   0x00000026   Code   RO         3308    x$fpl$dfltu         fz_ws.l(dflt_clz.o)
    0x080036d0   0x080036d0   0x00000154   Code   RO         3314    x$fpl$dmul          fz_ws.l(dmul.o)
    0x08003824   0x08003824   0x0000009c   Code   RO         3344    x$fpl$dnaninf       fz_ws.l(dnaninf.o)
    0x080038c0   0x080038c0   0x0000000c   Code   RO         3346    x$fpl$dretinf       fz_ws.l(dretinf.o)
    0x080038cc   0x080038cc   0x00000016   Code   RO         3295    x$fpl$drsb          fz_ws.l(daddsub_clz.o)
    0x080038e2   0x080038e2   0x00000002   PAD
    0x080038e4   0x080038e4   0x000001d4   Code   RO         3296    x$fpl$dsub          fz_ws.l(daddsub_clz.o)
    0x08003ab8   0x08003ab8   0x00000056   Code   RO         3316    x$fpl$f2d           fz_ws.l(f2d.o)
    0x08003b0e   0x08003b0e   0x00000002   PAD
    0x08003b10   0x08003b10   0x000000c4   Code   RO         3318    x$fpl$fadd          fz_ws.l(faddsub_clz.o)
    0x08003bd4   0x08003bd4   0x00000184   Code   RO         3325    x$fpl$fdiv          fz_ws.l(fdiv.o)
    0x08003d58   0x08003d58   0x00000026   Code   RO         3328    x$fpl$ffltu         fz_ws.l(fflt_clz.o)
    0x08003d7e   0x08003d7e   0x0000008c   Code   RO         3348    x$fpl$fnaninf       fz_ws.l(fnaninf.o)
    0x08003e0a   0x08003e0a   0x0000000a   Code   RO         3350    x$fpl$fretinf       fz_ws.l(fretinf.o)
    0x08003e14   0x08003e14   0x000000ea   Code   RO         3320    x$fpl$fsub          fz_ws.l(faddsub_clz.o)
    0x08003efe   0x08003efe   0x00000004   Code   RO         3334    x$fpl$printf1       fz_ws.l(printf1.o)
    0x08003f02   0x08003f02   0x00000000   Code   RO         3352    x$fpl$usenofp       fz_ws.l(usenofp.o)
    0x08003f02   0x08003f02   0x00000010   Data   RO         3219    .constdata          system_stm32f1xx.o
    0x08003f12   0x08003f12   0x00000008   Data   RO         3220    .constdata          system_stm32f1xx.o
    0x08003f1a   0x08003f1a   0x00000002   PAD
    0x08003f1c   0x08003f1c   0x00000094   Data   RO         3380    .constdata          c_w.l(bigflt0.o)
    0x08003fb0   0x08003fb0   0x00000020   Data   RO         3550    Region$$Table       anon$$obj.o
    0x08003fd0   0x08003fd0   0x0000001c   Data   RO         3404    locale$$data        c_w.l(lc_numeric_c.o)


    Execution Region RW_IRAM1 (Exec base: 0x20000000, Load base: 0x08003fec, Size: 0x000008c8, Max: 0x00002800, ABSOLUTE)

    Exec Addr    Load Addr    Size         Type   Attr      Idx    E Section Name        Object

    0x20000000   0x08003fec   0x00000004   Data   RW          162    .data               as5048.o
    0x20000004   0x08003ff0   0x00000038   Data   RW          200    .data               main.o
    0x2000003c   0x08004028   0x00000004   Data   RW          203    .data               main.o
    0x20000040   0x0800402c   0x00000014   Data   RW          453    .data               stm32f1xx_it.o
    0x20000054   0x08004040   0x0000000c   Data   RW          947    .data               stm32f1xx_hal.o
    0x20000060   0x0800404c   0x00000004   Data   RW         3221    .data               system_stm32f1xx.o
    0x20000064        -       0x00000018   Zero   RW           14    .bss                filter_sma.o
    0x2000007c        -       0x00000032   Zero   RW          198    .bss                main.o
    0x200000ae   0x08004050   0x00000002   PAD
    0x200000b0        -       0x00000058   Zero   RW          300    .bss                spi.o
    0x20000108        -       0x000000d8   Zero   RW          344    .bss                tim.o
    0x200001e0        -       0x00000088   Zero   RW          397    .bss                usart.o
    0x20000268        -       0x00000060   Zero   RW         3412    .bss                c_w.l(libspace.o)
    0x200002c8        -       0x00000200   Zero   RW            2    HEAP                startup_stm32f103x6.o
    0x200004c8        -       0x00000400   Zero   RW            1    STACK               startup_stm32f103x6.o


==============================================================================

Image component sizes


      Code (inc. data)   RO Data    RW Data    ZI Data      Debug   Object Name

       132         14          0          4          0        811   as5048.o
        62          0          0          0          0       1206   cobs.o
        60          6          0          0         24     425437   filter_sma.o
       148         14          0          0          0        919   gpio.o
       850        132          0         60         50       5073   main.o
       188         24          0          0         88       1629   spi.o
        64         26        236          0       1536        804   startup_stm32f103x6.o
       128         24          0         12          0       4909   stm32f1xx_hal.o
       198         14          0          0          0      28899   stm32f1xx_hal_cortex.o
       484         30          0          0          0       4084   stm32f1xx_hal_gpio.o
        60          8          0          0          0        858   stm32f1xx_hal_msp.o
      1272        100          0          0          0       5148   stm32f1xx_hal_rcc.o
       876          4          0          0          0       4665   stm32f1xx_hal_spi.o
      1728         38          0          0          0      15576   stm32f1xx_hal_tim.o
       100         10          0          0          0       2341   stm32f1xx_hal_tim_ex.o
       560          6          0          0          0       3908   stm32f1xx_hal_uart.o
       312         76          0         20          0       6542   stm32f1xx_it.o
       106         22         24          4          0       1719   system_stm32f1xx.o
       556         42          0          0        216       3164   tim.o
       284         32          0          0        136       2307   usart.o

    ----------------------------------------------------------------------
      8194        622        294        100       2052     519999   Object Totals
         0          0         32          0          0          0   (incl. Generated)
        26          0          2          0          2          0   (incl. Padding)

    ----------------------------------------------------------------------

      Code (inc. data)   RO Data    RW Data    ZI Data      Debug   Library Member Name

         8          0          0          0          0         68   __main.o
       104          0          0          0          0         84   __printf.o
         0          0          0          0          0          0   __rtentry.o
        12          0          0          0          0          0   __rtentry2.o
         6          0          0          0          0          0   __rtentry4.o
        52          8          0          0          0          0   __scatter.o
        26          0          0          0          0          0   __scatter_copy.o
        28          0          0          0          0          0   __scatter_zi.o
        48          6          0          0          0         96   _printf_char_common.o
         6          0          0          0          0          0   _printf_f.o
      1054          0          0          0          0        216   _printf_fp_dec.o
       128         16          0          0          0         84   _printf_fp_infnan.o
         0          0          0          0          0          0   _printf_percent.o
         4          0          0          0          0          0   _printf_percent_end.o
        10          0          0          0          0         68   _sputc.o
       228          4        148          0          0         96   bigflt0.o
      1936        128          0          0          0        672   btod.o
        18          0          0          0          0         80   exit.o
         6          0          0          0          0        152   heapauxi.o
         0          0          0          0          0          0   indicate_semi.o
        44         10         28          0          0         76   lc_numeric_c.o
         2          0          0          0          0          0   libinit.o
        18          0          0          0          0          0   libinit2.o
         2          0          0          0          0          0   libshutdown.o
         2          0          0          0          0          0   libshutdown2.o
         8          4          0          0         96         68   libspace.o
       138          0          0          0          0         80   lludiv10.o
        40          6          0          0          0         84   noretval__2sprintf.o
         8          4          0          0          0         68   rt_locale_intlibspace.o
        78          0          0          0          0         80   rt_memclr_w.o
         2          0          0          0          0          0   rtexit.o
        10          0          0          0          0          0   rtexit2.o
       128          0          0          0          0         68   strcmpv7m.o
        62          0          0          0          0         76   strlen.o
        12          4          0          0          0         68   sys_exit.o
        74          0          0          0          0         80   sys_stackheap_outer.o
         2          0          0          0          0         68   use_no_semi.o
        98          4          0          0          0         92   d2f.o
       826         16          0          0          0        348   daddsub_clz.o
       688        140          0          0          0        208   ddiv.o
        90          4          0          0          0         92   dfixu.o
        38          0          0          0          0         68   dflt_clz.o
       340         12          0          0          0        104   dmul.o
       156          4          0          0          0         92   dnaninf.o
        12          0          0          0          0         68   dretinf.o
        86          4          0          0          0         84   f2d.o
       430          8          0          0          0        168   faddsub_clz.o
       388         76          0          0          0         96   fdiv.o
        38          0          0          0          0         68   fflt_clz.o
       140          4          0          0          0         84   fnaninf.o
        10          0          0          0          0         68   fretinf.o
         4          0          0          0          0         68   printf1.o
         0          0          0          0          0          0   usenofp.o
        40          0          0          0          0         68   fpclassify.o

    ----------------------------------------------------------------------
      7700        462        176          0         96       4208   Library Totals
        12          0          0          0          0          0   (incl. Padding)

    ----------------------------------------------------------------------

      Code (inc. data)   RO Data    RW Data    ZI Data      Debug   Library Name

      4304        190        176          0         96       2432   c_w.l
      3344        272          0          0          0       1708   fz_ws.l
        40          0          0          0          0         68   m_ws.l

    ----------------------------------------------------------------------
      7700        462        176          0         96       4208   Library Totals

    ----------------------------------------------------------------------

==============================================================================


      Code (inc. data)   RO Data    RW Data    ZI Data      Debug   

     15894       1084        470        100       2148     517807   Grand Totals
     15894       1084        470        100       2148     517807   ELF Image Totals
     15894       1084        470        100          0          0   ROM Totals

==============================================================================

    Total RO  Size (Code + RO Data)                16364 (  15.98kB)
    Total RW  Size (RW Data + ZI Data)              2248 (   2.20kB)
    Total ROM Size (Code + RO Data + RW Data)      16464 (  16.08kB)

==============================================================================

