<html>
<body>
<pre>
<h1>µVision Build Log</h1>
<h2>Tool Versions:</h2>
IDE-Version: µVision V5.29.0.0
Copyright (C) 2019 ARM Ltd and ARM Germany GmbH. All rights reserved.
License Information: ASDFG DFGHM, DFGHJ, LIC=----
 
Tool Versions:
Toolchain:       MDK-Lite  Version: 5.29.0.0
Toolchain Path:  C:\Keil_v5\ARM\ARMCC\Bin
C Compiler:      Armcc.exe V5.06 update 6 (build 750)
Assembler:       Armasm.exe V5.06 update 6 (build 750)
Linker/Locator:  ArmLink.exe V5.06 update 6 (build 750)
Library Manager: ArmAr.exe V5.06 update 6 (build 750)
Hex Converter:   FromElf.exe V5.06 update 6 (build 750)
CPU DLL:         SARMCM3.DLL V5.29.0.0
Dialog DLL:      DCM.DLL V1.17.3.0
Target DLL:      STLink\ST-LINKIII-KEIL_SWO.dll V3.0.7.0
Dialog DLL:      TCM.DLL V1.36.5.0
 
<h2>Project:</h2>
D:\FromD\Projects\2022\Belt-tension-control_\MDK-ARM\Belt_ctrl_and_analyzer.uvprojx
Project File Date:  05/30/2022

<h2>Output:</h2>
*** Using Compiler 'V5.06 update 6 (build 750)', folder: 'C:\Keil_v5\ARM\ARMCC\Bin'
Build target 'Belt_ctrl_and_analyzer'
compiling main.c...
../Core/Src/main.c(161): warning:  #223-D: function "memcpy" declared implicitly
  			memcpy(buf_drv_send_decoded + 1, &speed, sizeof(float));
../Core/Src/main.c(192): warning:  #223-D: function "sprintf" declared implicitly
  			sprintf(str_2f, "$%f %f;" , angle_raw_float, angle_raw_float_filtred);
../Core/Src/main.c(193): warning:  #223-D: function "strlen" declared implicitly
  			HAL_UART_Transmit(&huart1, str_2f, strlen(str_2f), 0x0FFF);	
../Core/Src/main.c: 3 warnings, 0 errors
linking...
Program Size: Code=15894 RO-data=470 RW-data=100 ZI-data=2148  
FromELF: creating hex file...
"Belt_ctrl_and_analyzer\Belt_ctrl_and_analyzer.axf" - 0 Error(s), 3 Warning(s).

<h2>Software Packages used:</h2>

Package Vendor: ARM
                http://www.keil.com/pack/ARM.CMSIS.5.6.0.pack
                ARM.CMSIS.5.6.0
                CMSIS (Cortex Microcontroller Software Interface Standard)
   * Component: CORE Version: 5.3.0

Package Vendor: Keil
                http://www.keil.com/pack/Keil.STM32F1xx_DFP.2.3.0.pack
                Keil.STM32F1xx_DFP.2.3.0
                STMicroelectronics STM32F1 Series Device Support, Drivers and Examples

<h2>Collection of Component include folders:</h2>
  .\RTE\_Belt_ctrl_and_analyzer
  C:\Users\Andrey\AppData\Local\Arm\Packs\ARM\CMSIS\5.6.0\CMSIS\Core\Include
  C:\Users\Andrey\AppData\Local\Arm\Packs\Keil\STM32F1xx_DFP\2.3.0\Device\Include

<h2>Collection of Component Files used:</h2>

   * Component: ARM::CMSIS:CORE:5.3.0
Build Time Elapsed:  00:00:05
</pre>
</body>
</html>
